Archive member included because of file (symbol)

.pioenvs\updater\lib29e\libESP8266WiFi.a(ESP8266WiFi.cpp.o)
                              .pioenvs\updater\src\main.ino.cpp.o (WiFi)
.pioenvs\updater\lib29e\libESP8266WiFi.a(ESP8266WiFiAP.cpp.o)
                              .pioenvs\updater\src\main.ino.cpp.o (ESP8266WiFiAPClass::softAP(char const*, char const*, int, int))
.pioenvs\updater\lib29e\libESP8266WiFi.a(ESP8266WiFiGeneric.cpp.o)
                              .pioenvs\updater\lib29e\libESP8266WiFi.a(ESP8266WiFi.cpp.o) (ESP8266WiFiGenericClass::ESP8266WiFiGenericClass())
.pioenvs\updater\lib29e\libESP8266WiFi.a(WiFiClient.cpp.o)
                              .pioenvs\updater\lib29e\libESP8266WiFi.a(ESP8266WiFiGeneric.cpp.o) (WiFiClient::stopAll())
.pioenvs\updater\lib1ac\libESP8266WebServer.a(ESP8266WebServer.cpp.o)
                              .pioenvs\updater\src\main.ino.cpp.o (ESP8266WebServer::ESP8266WebServer(int))
.pioenvs\updater\lib1ac\libESP8266WebServer.a(Parsing.cpp.o)
                              .pioenvs\updater\lib1ac\libESP8266WebServer.a(ESP8266WebServer.cpp.o) (ESP8266WebServer::_parseRequest(WiFiClient&))
.pioenvs\updater\lib892\libESP8266HTTPUpdateServer.a(ESP8266HTTPUpdateServer.cpp.o)
                              .pioenvs\updater\src\main.ino.cpp.o (ESP8266HTTPUpdateServer::ESP8266HTTPUpdateServer(bool))
.pioenvs\updater\libFrameworkArduino.a(Esp.cpp.o)
                              .pioenvs\updater\lib892\libESP8266HTTPUpdateServer.a(ESP8266HTTPUpdateServer.cpp.o) (EspClass::restart())
.pioenvs\updater\libFrameworkArduino.a(FS.cpp.o)
                              .pioenvs\updater\lib1ac\libESP8266WebServer.a(ESP8266WebServer.cpp.o) (vtable for fs::File)
.pioenvs\updater\libFrameworkArduino.a(HardwareSerial.cpp.o)
                              .pioenvs\updater\lib892\libESP8266HTTPUpdateServer.a(ESP8266HTTPUpdateServer.cpp.o) (HardwareSerial::setDebugOutput(bool))
.pioenvs\updater\libFrameworkArduino.a(IPAddress.cpp.o)
                              .pioenvs\updater\lib29e\libESP8266WiFi.a(ESP8266WiFiAP.cpp.o) (vtable for IPAddress)
.pioenvs\updater\libFrameworkArduino.a(MD5Builder.cpp.o)
                              .pioenvs\updater\libFrameworkArduino.a(Esp.cpp.o) (MD5Builder::begin())
.pioenvs\updater\libFrameworkArduino.a(Print.cpp.o)
                              .pioenvs\updater\libFrameworkArduino.a(HardwareSerial.cpp.o) (Print::write(unsigned char const*, unsigned int))
.pioenvs\updater\libFrameworkArduino.a(Stream.cpp.o)
                              .pioenvs\updater\lib29e\libESP8266WiFi.a(WiFiClient.cpp.o) (Stream::readBytes(char*, unsigned int))
.pioenvs\updater\libFrameworkArduino.a(Updater.cpp.o)
                              .pioenvs\updater\lib892\libESP8266HTTPUpdateServer.a(ESP8266HTTPUpdateServer.cpp.o) (UpdaterClass::begin(unsigned int, int))
.pioenvs\updater\libFrameworkArduino.a(WString.cpp.o)
                              .pioenvs\updater\lib1ac\libESP8266WebServer.a(ESP8266WebServer.cpp.o) (String::~String())
.pioenvs\updater\libFrameworkArduino.a(abi.cpp.o)
                              .pioenvs\updater\src\main.ino.cpp.o (operator new(unsigned int))
.pioenvs\updater\libFrameworkArduino.a(core_esp8266_eboot_command.c.o)
                              .pioenvs\updater\libFrameworkArduino.a(Updater.cpp.o) (eboot_command_write)
.pioenvs\updater\libFrameworkArduino.a(core_esp8266_main.cpp.o)
                              .pioenvs\updater\libFrameworkArduino.a(Esp.cpp.o) (atexit)
.pioenvs\updater\libFrameworkArduino.a(core_esp8266_noniso.c.o)
                              .pioenvs\updater\libFrameworkArduino.a(WString.cpp.o) (atol)
.pioenvs\updater\libFrameworkArduino.a(core_esp8266_postmortem.c.o)
                              .pioenvs\updater\libFrameworkArduino.a(abi.cpp.o) (__panic_func)
.pioenvs\updater\libFrameworkArduino.a(core_esp8266_wiring.c.o)
                              .pioenvs\updater\lib29e\libESP8266WiFi.a(WiFiClient.cpp.o) (delay)
.pioenvs\updater\libFrameworkArduino.a(core_esp8266_wiring_digital.c.o)
                              .pioenvs\updater\libFrameworkArduino.a(core_esp8266_wiring.c.o) (initPins)
.pioenvs\updater\libFrameworkArduino.a(cencode.c.o)
                              .pioenvs\updater\lib1ac\libESP8266WebServer.a(ESP8266WebServer.cpp.o) (base64_encode_chars)
.pioenvs\updater\libFrameworkArduino.a(libc_replacements.c.o)
                              .pioenvs\updater\libFrameworkArduino.a(core_esp8266_main.cpp.o) (printf)
.pioenvs\updater\libFrameworkArduino.a(pgmspace.cpp.o)
                              .pioenvs\updater\lib1ac\libESP8266WebServer.a(ESP8266WebServer.cpp.o) (strnlen_P(char const*, unsigned int))
.pioenvs\updater\libFrameworkArduino.a(uart.c.o)
                              .pioenvs\updater\libFrameworkArduino.a(HardwareSerial.cpp.o) (uart_write_char)
.pioenvs\updater\libFrameworkArduino.a(umm_malloc.c.o)
                              .pioenvs\updater\lib1ac\libESP8266WebServer.a(Parsing.cpp.o) (malloc)
[...]
Memory Configuration

Name             Origin             Length             Attributes
dport0_0_seg     0x3ff00000         0x00000010
dram0_0_seg      0x3ffe8000         0x00014000
iram1_0_seg      0x40100000         0x00008000
irom0_0_seg      0x40201010         0x000f9ff0
*default*        0x00000000         0xffffffff

Linker script and memory map

LOAD .pioenvs\updater\src\main.ino.cpp.o
START GROUP
LOAD .pioenvs\updater\lib29e\libESP8266WiFi.a
LOAD .pioenvs\updater\lib1ac\libESP8266WebServer.a
LOAD .pioenvs\updater\lib892\libESP8266HTTPUpdateServer.a
LOAD .pioenvs\updater\libFrameworkArduinoVariant.a
LOAD .pioenvs\updater\libFrameworkArduino.a
LOAD C:\Users\Hans\.platformio\packages\framework-arduinoespressif8266@1.20300.1\tools\sdk\lib\libmesh.a
LOAD C:\Users\Hans\.platformio\packages\framework-arduinoespressif8266@1.20300.1\tools\sdk\lib\libwpa2.a
LOAD C:\Users\Hans\.platformio\packages\framework-arduinoespressif8266@1.20300.1\tools\sdk\lib\libsmartconfig.a
LOAD C:\Users\Hans\.platformio\packages\framework-arduinoespressif8266@1.20300.1\tools\sdk\lib\libpp.a
LOAD C:\Users\Hans\.platformio\packages\framework-arduinoespressif8266@1.20300.1\tools\sdk\lib\libmain.a
LOAD C:\Users\Hans\.platformio\packages\framework-arduinoespressif8266@1.20300.1\tools\sdk\lib\libwpa.a
LOAD C:\Users\Hans\.platformio\packages\framework-arduinoespressif8266@1.20300.1\tools\sdk\lib\liblwip_gcc.a
LOAD C:\Users\Hans\.platformio\packages\framework-arduinoespressif8266@1.20300.1\tools\sdk\lib\libnet80211.a
LOAD C:\Users\Hans\.platformio\packages\framework-arduinoespressif8266@1.20300.1\tools\sdk\lib\libwps.a
LOAD C:\Users\Hans\.platformio\packages\framework-arduinoespressif8266@1.20300.1\tools\sdk\lib\libcrypto.a
LOAD C:\Users\Hans\.platformio\packages\framework-arduinoespressif8266@1.20300.1\tools\sdk\lib\libphy.a
LOAD C:\Users\Hans\.platformio\packages\framework-arduinoespressif8266@1.20300.1\tools\sdk\lib\libhal.a
LOAD C:\Users\Hans\.platformio\packages\framework-arduinoespressif8266@1.20300.1\tools\sdk\lib\libaxtls.a
LOAD c:/users/hans/.platformio/packages/toolchain-xtensa@1.40802.0/bin/../lib/gcc/xtensa-lx106-elf/4.8.2\libgcc.a
LOAD c:/users/hans/.platformio/packages/toolchain-xtensa@1.40802.0/bin/../lib/gcc/xtensa-lx106-elf/4.8.2/../../../../xtensa-lx106-elf/lib\libm.a
LOAD C:\Users\Hans\.platformio\packages\framework-arduinoespressif8266@1.20300.1\tools\sdk\lib\libstdc++.a
END GROUP
                0x402fb000                PROVIDE (_SPIFFS_start, 0x402fb000)
                0x402fb000                PROVIDE (_SPIFFS_end, 0x402fb000)
                0x00000000                PROVIDE (_SPIFFS_page, 0x0)
                0x00000000                PROVIDE (_SPIFFS_block, 0x0)
                0x40000000                PROVIDE (_memmap_vecbase_reset, 0x40000000)
                0x00000110                _memmap_cacheattr_wb_base = 0x110
                0x00000110                _memmap_cacheattr_wt_base = 0x110
                0x00000220                _memmap_cacheattr_bp_base = 0x220
                0xfffff00f                _memmap_cacheattr_unused_mask = 0xfffff00f
                0x2222211f                _memmap_cacheattr_wb_trapnull = 0x2222211f
                0x2222211f                _memmap_cacheattr_wba_trapnull = 0x2222211f
                0x2222211f                _memmap_cacheattr_wbna_trapnull = 0x2222211f
                0x2222211f                _memmap_cacheattr_wt_trapnull = 0x2222211f
                0x2222222f                _memmap_cacheattr_bp_trapnull = 0x2222222f
                0xfffff11f                _memmap_cacheattr_wb_strict = 0xfffff11f
                0xfffff11f                _memmap_cacheattr_wt_strict = 0xfffff11f
                0xfffff22f                _memmap_cacheattr_bp_strict = 0xfffff22f
                0x22222112                _memmap_cacheattr_wb_allvalid = 0x22222112
                0x22222112                _memmap_cacheattr_wt_allvalid = 0x22222112
                0x22222222                _memmap_cacheattr_bp_allvalid = 0x22222222
                0x2222211f                PROVIDE (_memmap_cacheattr_reset, _memmap_cacheattr_wb_trapnull)

.dport0.rodata  0x3ff00000        0x0
                0x3ff00000                _dport0_rodata_start = ABSOLUTE (.)
 *(.dport0.rodata)
 *(.dport.rodata)
                0x3ff00000                _dport0_rodata_end = ABSOLUTE (.)

.dport0.literal
                0x3ff00000        0x0
                0x3ff00000                _dport0_literal_start = ABSOLUTE (.)
 *(.dport0.literal)
 *(.dport.literal)
                0x3ff00000                _dport0_literal_end = ABSOLUTE (.)

.dport0.data    0x3ff00000        0x0
                0x3ff00000                _dport0_data_start = ABSOLUTE (.)
 *(.dport0.data)
 *(.dport.data)
                0x3ff00000                _dport0_data_end = ABSOLUTE (.)

.data           0x3ffe8000      0x3a8
                0x3ffe8000                _data_start = ABSOLUTE (.)
 *(.data)
 .data          0x3ffe8000        0x1 C:\Users\Hans\.platformio\packages\framework-arduinoespressif8266@1.20300.1\tools\sdk\lib\libpp.a(pm_for_bcn_only_mode.o)
 *fill*         0x3ffe8001        0x3 
 .data          0x3ffe8004       0x1c C:\Users\Hans\.platformio\packages\framework-arduinoespressif8266@1.20300.1\tools\sdk\lib\libpp.a(pp.o)
                0x3ffe8004                soft_wdt_interval
                0x3ffe8008                NoiseTimerInterval
                0x3ffe8010                sleep_start_wait_time
                0x3ffe8018                CanDoFreqCal
                0x3ffe801c                tcb
 .data          0x3ffe8020       0x40 C:\Users\Hans\.platformio\packages\framework-arduinoespressif8266@1.20300.1\tools\sdk\lib\libpp.a(rate_control.o)
 .data          0x3ffe8060      0x24c C:\Users\Hans\.platformio\packages\framework-arduinoespressif8266@1.20300.1\tools\sdk\lib\libpp.a(trc.o)
 .data          0x3ffe82ac        0x8 C:\Users\Hans\.platformio\packages\framework-arduinoespressif8266@1.20300.1\tools\sdk\lib\libpp.a(wdev.o)
 .data          0x3ffe82b4        0x1 C:\Users\Hans\.platformio\packages\framework-arduinoespressif8266@1.20300.1\tools\sdk\lib\libpp.a(pm.o)
 *fill*         0x3ffe82b5        0x3 
 .data          0x3ffe82b8        0x1 C:\Users\Hans\.platformio\packages\framework-arduinoespressif8266@1.20300.1\tools\sdk\lib\libmain.a(app_main.o)
 *fill*         0x3ffe82b9        0x3 
 .data          0x3ffe82bc        0x6 C:\Users\Hans\.platformio\packages\framework-arduinoespressif8266@1.20300.1\tools\sdk\lib\libmain.a(user_interface.o)
                0x3ffe82bd                timer2_ms_flag
                0x3ffe82be                dhcps_flag
                0x3ffe82bf                dhcpc_flag
                0x3ffe82c1                reconnect_internal
 .data          0x3ffe82c2        0x4 C:\Users\Hans\.platformio\packages\framework-arduinoespressif8266@1.20300.1\tools\sdk\lib\libmain.a(nmi-vector.o)
 *fill*         0x3ffe82c6        0x2 
 .data          0x3ffe82c8        0x1 C:\Users\Hans\.platformio\packages\framework-arduinoespressif8266@1.20300.1\tools\sdk\lib\libmain.a(eagle_lwip_if.o)
                0x3ffe82c8                default_hostname
 *fill*         0x3ffe82c9        0x3 
 .data          0x3ffe82cc        0x1 C:\Users\Hans\.platformio\packages\framework-arduinoespressif8266@1.20300.1\tools\sdk\lib\libnet80211.a(ieee80211_hostap.o)
                0x3ffe82cc                TmpSTAAPCloseAP
 *fill*         0x3ffe82cd        0x3 
 .data          0x3ffe82d0        0x1 C:\Users\Hans\.platformio\packages\framework-arduinoespressif8266@1.20300.1\tools\sdk\lib\libnet80211.a(wl_cnx.o)
 *fill*         0x3ffe82d1        0x7 
 .data          0x3ffe82d8       0x1c C:\Users\Hans\.platformio\packages\framework-arduinoespressif8266@1.20300.1\tools\sdk\lib\libnet80211.a(ieee80211_action.o)
 *fill*         0x3ffe82f4        0xc 
 .data          0x3ffe8300       0x53 C:\Users\Hans\.platformio\packages\framework-arduinoespressif8266@1.20300.1\tools\sdk\lib\libphy.a(phy_chip_v6.o)
                0x3ffe8302                tx_rf_ana_gain
                0x3ffe8330                rx_gain_swp
                0x3ffe8350                test_rffreq_txcap
 *fill*         0x3ffe8353        0x1 
 .data          0x3ffe8354        0x1 C:\Users\Hans\.platformio\packages\framework-arduinoespressif8266@1.20300.1\tools\sdk\lib\libphy.a(phy_chip_v6_cal.o)
                0x3ffe8354                rfcal_bb_atten_init
 *fill*         0x3ffe8355        0x3 
 .data          0x3ffe8358        0x4 C:\Users\Hans\.platformio\packages\framework-arduinoespressif8266@1.20300.1\tools\sdk\lib\libphy.a(phy_sleep.o)
                0x3ffe8358                chip_version
 *(.data.*)
 .data.apPass   0x3ffe835c        0x9 .pioenvs\updater\src\main.ino.cpp.o
                0x3ffe835c                apPass
 *fill*         0x3ffe8365        0x3 
 .data.apSSID   0x3ffe8368        0x9 .pioenvs\updater\src\main.ino.cpp.o
                0x3ffe8368                apSSID
 .data._ZN23ESP8266WiFiGenericClass11_persistentE
                0x3ffe8371        0x1 .pioenvs\updater\lib29e\libESP8266WiFi.a(ESP8266WiFiGeneric.cpp.o)
                0x3ffe8371                ESP8266WiFiGenericClass::_persistent
 *fill*         0x3ffe8372        0x2 
 .data.AUTHORIZATION_HEADER
                0x3ffe8374        0x4 .pioenvs\updater\lib1ac\libESP8266WebServer.a(ESP8266WebServer.cpp.o)
                0x3ffe8374                AUTHORIZATION_HEADER
 .data._ZN23ESP8266HTTPUpdateServer16_successResponseE
                0x3ffe8378        0x4 .pioenvs\updater\lib892\libESP8266HTTPUpdateServer.a(ESP8266HTTPUpdateServer.cpp.o)
                0x3ffe8378                ESP8266HTTPUpdateServer::_successResponse
 .data._ZN23ESP8266HTTPUpdateServer15_failedResponseE
                0x3ffe837c        0x4 .pioenvs\updater\lib892\libESP8266HTTPUpdateServer.a(ESP8266HTTPUpdateServer.cpp.o)
                0x3ffe837c                ESP8266HTTPUpdateServer::_failedResponse
 .data._ZN23ESP8266HTTPUpdateServer12_serverIndexE
                0x3ffe8380        0x4 .pioenvs\updater\lib892\libESP8266HTTPUpdateServer.a(ESP8266HTTPUpdateServer.cpp.o)
                0x3ffe8380                ESP8266HTTPUpdateServer::_serverIndex
 .data.esp8266_gpioToFn
                0x3ffe8384       0x10 .pioenvs\updater\libFrameworkArduino.a(core_esp8266_wiring_digital.c.o)
                0x3ffe8384                esp8266_gpioToFn
 .data.dhcps_lease_time
                0x3ffe8394        0x4 C:\Users\Hans\.platformio\packages\framework-arduinoespressif8266@1.20300.1\tools\sdk\lib\liblwip_gcc.a(dhcpserver.o)
                0x3ffe8394                dhcps_lease_time
 .data.offer    0x3ffe8398        0x1 C:\Users\Hans\.platformio\packages\framework-arduinoespressif8266@1.20300.1\tools\sdk\lib\liblwip_gcc.a(dhcpserver.o)
 *fill*         0x3ffe8399        0x3 
 .data.xid$2648
                0x3ffe839c        0x4 C:\Users\Hans\.platformio\packages\framework-arduinoespressif8266@1.20300.1\tools\sdk\lib\liblwip_gcc.a(dhcp.o)
 .data.iss$2741
                0x3ffe83a0        0x4 C:\Users\Hans\.platformio\packages\framework-arduinoespressif8266@1.20300.1\tools\sdk\lib\liblwip_gcc.a(tcp.o)
 .data.port$2594
                0x3ffe83a4        0x2 C:\Users\Hans\.platformio\packages\framework-arduinoespressif8266@1.20300.1\tools\sdk\lib\liblwip_gcc.a(tcp.o)
 *(.gnu.linkonce.d.*)
 *(.data1)
 *(.sdata)
 *(.sdata.*)
 *(.gnu.linkonce.s.*)
 *(.sdata2)
 *(.sdata2.*)
 *(.gnu.linkonce.s2.*)
 *(.jcr)
                0x3ffe83a8                . = ALIGN (0x4)
 *fill*         0x3ffe83a6        0x2 
                0x3ffe83a8                _Pri_3_HandlerAddress = ABSOLUTE (.)
                0x3ffe83a8                _data_end = ABSOLUTE (.)

.rodata         0x3ffe83b0      0xd0c
                0x3ffe83b0                _rodata_start = ABSOLUTE (.)
 *(.sdk.version)
 .sdk.version   0x3ffe83b0       0x10 C:\Users\Hans\.platformio\packages\framework-arduinoespressif8266@1.20300.1\tools\sdk\lib\libmain.a(app_main.o)
                0x3ffe83b0                SDK_VERSION
 *(.rodata)
 .rodata        0x3ffe83c0        0x4 C:\Users\Hans\.platformio\packages\framework-arduinoespressif8266@1.20300.1\tools\sdk\lib\libpp.a(pp.o)
 .rodata        0x3ffe83c4       0x44 C:\Users\Hans\.platformio\packages\framework-arduinoespressif8266@1.20300.1\tools\sdk\lib\liblwip_gcc.a(espconn_tcp.o)
 .rodata        0x3ffe8408       0x14 C:\Users\Hans\.platformio\packages\framework-arduinoespressif8266@1.20300.1\tools\sdk\lib\liblwip_gcc.a(pbuf.o)
 .rodata        0x3ffe841c       0x20 C:\Users\Hans\.platformio\packages\framework-arduinoespressif8266@1.20300.1\tools\sdk\lib\liblwip_gcc.a(tcp_in.o)
 .rodata        0x3ffe843c        0x8 C:\Users\Hans\.platformio\packages\framework-arduinoespressif8266@1.20300.1\tools\sdk\lib\libnet80211.a(ieee80211_hostap.o)
 .rodata        0x3ffe8444        0x9 C:\Users\Hans\.platformio\packages\framework-arduinoespressif8266@1.20300.1\tools\sdk\lib\libnet80211.a(ieee80211_output.o)
 *fill*         0x3ffe844d        0x3 
 .rodata        0x3ffe8450        0x8 C:\Users\Hans\.platformio\packages\framework-arduinoespressif8266@1.20300.1\tools\sdk\lib\libphy.a(phy_chip_v6.o)
 *(.rodata.*)
 .rodata.str1.4
                0x3ffe8458       0x14 .pioenvs\updater\src\main.ino.cpp.o
 *fill*         0x3ffe846c        0x4 
 .rodata._ZTV10WiFiClient
                0x3ffe8470       0x4c .pioenvs\updater\lib29e\libESP8266WiFi.a(WiFiClient.cpp.o)
                0x3ffe8470                vtable for WiFiClient
 .rodata.str1.4
                0x3ffe84bc      0x32a .pioenvs\updater\lib1ac\libESP8266WebServer.a(ESP8266WebServer.cpp.o)
                                0x33e (size before relaxing)
 *fill*         0x3ffe87e6        0x2 
 .rodata._ZTV14RequestHandler
                0x3ffe87e8       0x20 .pioenvs\updater\lib1ac\libESP8266WebServer.a(ESP8266WebServer.cpp.o)
                0x3ffe87e8                vtable for RequestHandler
 .rodata._ZTV22FunctionRequestHandler
                0x3ffe8808       0x20 .pioenvs\updater\lib1ac\libESP8266WebServer.a(ESP8266WebServer.cpp.o)
                0x3ffe8808                vtable for FunctionRequestHandler
 .rodata.str1.4
                0x3ffe8828       0x7b .pioenvs\updater\lib1ac\libESP8266WebServer.a(Parsing.cpp.o)
                                 0xaf (size before relaxing)
 *fill*         0x3ffe88a3        0x1 
 .rodata.str1.4
                0x3ffe88a4      0x19b .pioenvs\updater\lib892\libESP8266HTTPUpdateServer.a(ESP8266HTTPUpdateServer.cpp.o)
                                0x1ab (size before relaxing)
 *fill*         0x3ffe8a3f        0x1 
 .rodata.CSWTCH$82
                0x3ffe8a40       0x20 .pioenvs\updater\libFrameworkArduino.a(Esp.cpp.o)
 .rodata._ZTV14HardwareSerial
                0x3ffe8a60       0x30 .pioenvs\updater\libFrameworkArduino.a(HardwareSerial.cpp.o)
                0x3ffe8a60                vtable for HardwareSerial
 .rodata._ZTV9IPAddress
                0x3ffe8a90        0xc .pioenvs\updater\libFrameworkArduino.a(IPAddress.cpp.o)
                0x3ffe8a90                vtable for IPAddress
 .rodata.str1.4
                0x3ffe8a9c        0x5 .pioenvs\updater\libFrameworkArduino.a(MD5Builder.cpp.o)
 *fill*         0x3ffe8aa1        0x3 
 .rodata.str1.4
                0x3ffe8aa4        0xc .pioenvs\updater\libFrameworkArduino.a(Print.cpp.o)
                                 0x12 (size before relaxing)
 .rodata.str1.4
                0x00000000        0x1 .pioenvs\updater\libFrameworkArduino.a(Stream.cpp.o)
 .rodata.str1.4
                0x3ffe8ab0      0x114 .pioenvs\updater\libFrameworkArduino.a(Updater.cpp.o)
                                0x118 (size before relaxing)
 .rodata.str1.4
                0x00000000        0x1 .pioenvs\updater\libFrameworkArduino.a(WString.cpp.o)
 .rodata.str1.4
                0x3ffe8bc4       0x62 .pioenvs\updater\libFrameworkArduino.a(abi.cpp.o)
 *fill*         0x3ffe8c26        0x2 
 .rodata._ZZSt25__throw_bad_function_callvE8__func__
                0x3ffe8c28       0x1a .pioenvs\updater\libFrameworkArduino.a(abi.cpp.o)
 *fill*         0x3ffe8c42        0x2 
 .rodata.str1.4
                0x3ffe8c44       0x7e .pioenvs\updater\libFrameworkArduino.a(core_esp8266_main.cpp.o)
 *fill*         0x3ffe8cc2        0x2 
 .rodata._ZZL9loop_taskP11ETSEventTagE8__func__
                0x3ffe8cc4        0xa .pioenvs\updater\libFrameworkArduino.a(core_esp8266_main.cpp.o)
 *fill*         0x3ffe8cce        0x2 
 .rodata._ZZ7__yieldE8__func__
                0x3ffe8cd0        0x8 .pioenvs\updater\libFrameworkArduino.a(core_esp8266_main.cpp.o)
 .rodata.str1.4
                0x3ffe8cd8       0x11 .pioenvs\updater\libFrameworkArduino.a(core_esp8266_noniso.c.o)
                                 0x1c (size before relaxing)
 *fill*         0x3ffe8ce9        0x3 
 .rodata.str1.4
                0x3ffe8cec      0x109 .pioenvs\updater\libFrameworkArduino.a(core_esp8266_postmortem.c.o)
 *fill*         0x3ffe8df5        0x3 
 .rodata.str1.4
                0x3ffe8df8       0x41 .pioenvs\updater\libFrameworkArduino.a(cencode.c.o)
 *fill*         0x3ffe8e39        0x3 
 .rodata.str1.4
                0x3ffe8e3c        0x3 .pioenvs\updater\libFrameworkArduino.a(libc_replacements.c.o)
 *fill*         0x3ffe8e3f        0x1 
 .rodata.str1.4
                0x3ffe8e40      0x123 .pioenvs\updater\libFrameworkArduino.a(umm_malloc.c.o)
 *fill*         0x3ffe8f63        0x1 
 .rodata.str1.4
                0x3ffe8f64        0xc C:\Users\Hans\.platformio\packages\framework-arduinoespressif8266@1.20300.1\tools\sdk\lib\libpp.a(pm_for_bcn_only_mode.o)
 .rodata.str1.4
                0x3ffe8f70        0x8 C:\Users\Hans\.platformio\packages\framework-arduinoespressif8266@1.20300.1\tools\sdk\lib\libpp.a(pp.o)
                                 0x10 (size before relaxing)
 .rodata.str1.4
                0x3ffe8f78        0x4 C:\Users\Hans\.platformio\packages\framework-arduinoespressif8266@1.20300.1\tools\sdk\lib\libpp.a(wdev.o)
                                  0xc (size before relaxing)
 .rodata.str1.4
                0x3ffe8f7c        0x4 C:\Users\Hans\.platformio\packages\framework-arduinoespressif8266@1.20300.1\tools\sdk\lib\libpp.a(lmac.o)
                                  0xc (size before relaxing)
 .rodata.str1.4
                0x3ffe8f80        0x4 C:\Users\Hans\.platformio\packages\framework-arduinoespressif8266@1.20300.1\tools\sdk\lib\libmain.a(app_main.o)
                                  0xc (size before relaxing)
 .rodata.str1.4
                0x3ffe8f84        0x4 C:\Users\Hans\.platformio\packages\framework-arduinoespressif8266@1.20300.1\tools\sdk\lib\libmain.a(ets_timer.o)
                                  0xc (size before relaxing)
 .rodata.str1.1
                0x3ffe8f88       0x25 C:\Users\Hans\.platformio\packages\framework-arduinoespressif8266@1.20300.1\tools\sdk\lib\liblwip_gcc.a(dhcpserver.o)
                                 0x26 (size before relaxing)
 .rodata.str1.1
                0x3ffe8fad       0x61 C:\Users\Hans\.platformio\packages\framework-arduinoespressif8266@1.20300.1\tools\sdk\lib\liblwip_gcc.a(espconn_tcp.o)
                                 0x62 (size before relaxing)
 .rodata.str1.1
                0x3ffe900e        0xe C:\Users\Hans\.platformio\packages\framework-arduinoespressif8266@1.20300.1\tools\sdk\lib\liblwip_gcc.a(dhcp.o)
                                  0xf (size before relaxing)
 .rodata.str1.1
                0x00000000        0x1 C:\Users\Hans\.platformio\packages\framework-arduinoespressif8266@1.20300.1\tools\sdk\lib\liblwip_gcc.a(dns.o)
 .rodata.str1.1
                0x00000000        0x1 C:\Users\Hans\.platformio\packages\framework-arduinoespressif8266@1.20300.1\tools\sdk\lib\liblwip_gcc.a(pbuf.o)
 .rodata.str1.1
                0x00000000        0x1 C:\Users\Hans\.platformio\packages\framework-arduinoespressif8266@1.20300.1\tools\sdk\lib\liblwip_gcc.a(tcp.o)
 .rodata.tcp_close_shutdown
                0x3ffe901c       0x20 C:\Users\Hans\.platformio\packages\framework-arduinoespressif8266@1.20300.1\tools\sdk\lib\liblwip_gcc.a(tcp.o)
 .rodata.str1.1
                0x00000000        0x1 C:\Users\Hans\.platformio\packages\framework-arduinoespressif8266@1.20300.1\tools\sdk\lib\liblwip_gcc.a(tcp_out.o)
 .rodata.str1.1
                0x00000000        0x1 C:\Users\Hans\.platformio\packages\framework-arduinoespressif8266@1.20300.1\tools\sdk\lib\liblwip_gcc.a(timers.o)
 .rodata.str1.1
                0x00000000        0x1 C:\Users\Hans\.platformio\packages\framework-arduinoespressif8266@1.20300.1\tools\sdk\lib\liblwip_gcc.a(udp.o)
 .rodata.str1.1
                0x00000000        0x1 C:\Users\Hans\.platformio\packages\framework-arduinoespressif8266@1.20300.1\tools\sdk\lib\liblwip_gcc.a(etharp.o)
 .rodata.ethzero
                0x3ffe903c        0x6 C:\Users\Hans\.platformio\packages\framework-arduinoespressif8266@1.20300.1\tools\sdk\lib\liblwip_gcc.a(etharp.o)
                0x3ffe903c                ethzero
 .rodata.ethbroadcast
                0x3ffe9042        0x6 C:\Users\Hans\.platformio\packages\framework-arduinoespressif8266@1.20300.1\tools\sdk\lib\liblwip_gcc.a(etharp.o)
                0x3ffe9042                ethbroadcast
 .rodata.str1.1
                0x00000000        0x1 C:\Users\Hans\.platformio\packages\framework-arduinoespressif8266@1.20300.1\tools\sdk\lib\liblwip_gcc.a(igmp.o)
 .rodata.str1.1
                0x3ffe9048       0x11 C:\Users\Hans\.platformio\packages\framework-arduinoespressif8266@1.20300.1\tools\sdk\lib\liblwip_gcc.a(ip.o)
 .rodata.str1.1
                0x00000000        0x1 C:\Users\Hans\.platformio\packages\framework-arduinoespressif8266@1.20300.1\tools\sdk\lib\liblwip_gcc.a(espconn.o)
 .rodata.str1.1
                0x00000000        0x1 C:\Users\Hans\.platformio\packages\framework-arduinoespressif8266@1.20300.1\tools\sdk\lib\liblwip_gcc.a(espconn_udp.o)
 .rodata.str1.1
                0x00000000        0x1 C:\Users\Hans\.platformio\packages\framework-arduinoespressif8266@1.20300.1\tools\sdk\lib\liblwip_gcc.a(raw.o)
 .rodata.str1.1
                0x00000000        0x1 C:\Users\Hans\.platformio\packages\framework-arduinoespressif8266@1.20300.1\tools\sdk\lib\liblwip_gcc.a(tcp_in.o)
 *fill*         0x3ffe9059        0x3 
 .rodata.str1.4
                0x3ffe905c        0x3 C:\Users\Hans\.platformio\packages\framework-arduinoespressif8266@1.20300.1\tools\sdk\lib\libnet80211.a(ieee80211_hostap.o)
                                  0x8 (size before relaxing)
 *fill*         0x3ffe905f        0x1 
 .rodata.str1.4
                0x3ffe9060        0x7 C:\Users\Hans\.platformio\packages\framework-arduinoespressif8266@1.20300.1\tools\sdk\lib\libnet80211.a(ieee80211_mesh_quick.o)
 .rodata.str1.4
                0x00000000        0x4 C:\Users\Hans\.platformio\packages\framework-arduinoespressif8266@1.20300.1\tools\sdk\lib\libnet80211.a(ieee80211_sta.o)
 .rodata.str1.4
                0x00000000        0x4 C:\Users\Hans\.platformio\packages\framework-arduinoespressif8266@1.20300.1\tools\sdk\lib\libnet80211.a(ieee80211_action_vendor.o)
 .rodata.str1.4
                0x00000000        0x4 C:\Users\Hans\.platformio\packages\framework-arduinoespressif8266@1.20300.1\tools\sdk\lib\libnet80211.a(ieee80211_ie_vendor.o)
 *fill*         0x3ffe9067        0x1 
 .rodata._ZTV10WiFiServer
                0x3ffe9068       0x1c .pioenvs\updater\lib29e\libESP8266WiFi.a(WiFiServer.cpp.o)
                0x3ffe9068                vtable for WiFiServer
 .rodata.str1.4
                0x3ffe9084        0x8 C:\Users\Hans\.platformio\packages\framework-arduinoespressif8266@1.20300.1\tools\sdk\lib\libwpa.a(wpa_debug.o)
                                  0xd (size before relaxing)
 *(.gnu.linkonce.r.*)
 *(.rodata1)
                0x3ffe908c                __XT_EXCEPTION_TABLE__ = ABSOLUTE (.)
 *(.xt_except_table)
 *(.gcc_except_table)
 *(.gnu.linkonce.e.*)
 *(.gnu.version_r)
 *(.eh_frame)
                0x3ffe908c                . = ((. + 0x3) & 0xfffffffc)
                0x3ffe908c                __init_array_start = ABSOLUTE (.)
 *crtbegin.o(.ctors)
 *(EXCLUDE_FILE(*crtend.o) .ctors)
 .ctors         0x3ffe908c        0x4 .pioenvs\updater\src\main.ino.cpp.o
 .ctors         0x3ffe9090        0x4 .pioenvs\updater\lib29e\libESP8266WiFi.a(ESP8266WiFi.cpp.o)
 .ctors         0x3ffe9094        0x4 .pioenvs\updater\lib29e\libESP8266WiFi.a(ESP8266WiFiGeneric.cpp.o)
 .ctors         0x3ffe9098        0x4 .pioenvs\updater\libFrameworkArduino.a(HardwareSerial.cpp.o)
 .ctors         0x3ffe909c        0x4 .pioenvs\updater\libFrameworkArduino.a(IPAddress.cpp.o)
 .ctors         0x3ffe90a0        0x4 .pioenvs\updater\libFrameworkArduino.a(Updater.cpp.o)
 *(SORT(.ctors.*))
 *(.ctors)
                0x3ffe90a4                __init_array_end = ABSOLUTE (.)
 *crtbegin.o(.dtors)
 *(EXCLUDE_FILE(*crtend.o) .dtors)
 .dtors         0x3ffe90a4        0x4 .pioenvs\updater\src\main.ino.cpp.o
 .dtors         0x3ffe90a8        0x4 .pioenvs\updater\lib29e\libESP8266WiFi.a(ESP8266WiFiGeneric.cpp.o)
 .dtors         0x3ffe90ac        0x4 .pioenvs\updater\libFrameworkArduino.a(HardwareSerial.cpp.o)
 .dtors         0x3ffe90b0        0x4 .pioenvs\updater\libFrameworkArduino.a(Updater.cpp.o)
 *(SORT(.dtors.*))
 *(.dtors)
                0x3ffe90b4                __XT_EXCEPTION_DESCS__ = ABSOLUTE (.)
 *(.xt_except_desc)
 *(.gnu.linkonce.h.*)
                0x3ffe90b4                __XT_EXCEPTION_DESCS_END__ = ABSOLUTE (.)
 *(.xt_except_desc_end)
 *(.dynamic)
 *(.gnu.version_d)
                0x3ffe90b4                . = ALIGN (0x4)
                0x3ffe90b4                _bss_table_start = ABSOLUTE (.)
                0x3ffe90b4        0x4 LONG 0x3ffe90c0 _bss_start
                0x3ffe90b8        0x4 LONG 0x3fff0d98 _bss_end
                0x3ffe90bc                _bss_table_end = ABSOLUTE (.)
                0x3ffe90bc                _rodata_end = ABSOLUTE (.)

.bss            0x3ffe90c0     0x7cd8
                0x3ffe90c0                . = ALIGN (0x8)
                0x3ffe90c0                _bss_start = ABSOLUTE (.)
 *(.dynsbss)
 *(.sbss)
 *(.sbss.*)
 *(.gnu.linkonce.sb.*)
 *(.scommon)
 *(.sbss2)
 *(.sbss2.*)
 *(.gnu.linkonce.sb2.*)
 *(.dynbss)
 *(.bss)
 .bss           0x3ffe90c0       0x34 C:\Users\Hans\.platformio\packages\framework-arduinoespressif8266@1.20300.1\tools\sdk\lib\libpp.a(pm_for_bcn_only_mode.o)
 *fill*         0x3ffe90f4        0xc 
 .bss           0x3ffe9100      0x322 C:\Users\Hans\.platformio\packages\framework-arduinoespressif8266@1.20300.1\tools\sdk\lib\libpp.a(pp.o)
                0x3ffe9118                pend_flag_noise_check
                0x3ffe9120                pend_flag_periodic_cal
                0x3ffe9138                idle_timer_reopen_flag
                0x3ffe913a                dbg_stop_sw_wdt
                0x3ffe913b                dbg_stop_hw_wdt
                0x3ffe913d                total_buffed_eb_num
                0x3ffe9140                HighestFreqOffsetInOneChk
                0x3ffe9142                LowestFreqOffsetInOneChk
                0x3ffe9144                DefFreqCalTimer
                0x3ffe9158                PktNumInOneChk
                0x3ffe92e0                buffed_eb_arr
 *fill*         0x3ffe9422        0xe 
 .bss           0x3ffe9430      0x100 C:\Users\Hans\.platformio\packages\framework-arduinoespressif8266@1.20300.1\tools\sdk\lib\libpp.a(rate_control.o)
 .bss           0x3ffe9530      0x46c C:\Users\Hans\.platformio\packages\framework-arduinoespressif8266@1.20300.1\tools\sdk\lib\libpp.a(trc.o)
 *fill*         0x3ffe999c        0x4 
 .bss           0x3ffe99a0     0x2f88 C:\Users\Hans\.platformio\packages\framework-arduinoespressif8266@1.20300.1\tools\sdk\lib\libpp.a(wdev.o)
                0x3ffe99a0                wDevCtrl
                0x3ffe9b48                WdevTimOffSet
 *fill*         0x3ffec928        0x8 
 .bss           0x3ffec930      0xaa4 C:\Users\Hans\.platformio\packages\framework-arduinoespressif8266@1.20300.1\tools\sdk\lib\libpp.a(esf_buf.o)
 *fill*         0x3ffed3d4        0xc 
 .bss           0x3ffed3e0       0x40 C:\Users\Hans\.platformio\packages\framework-arduinoespressif8266@1.20300.1\tools\sdk\lib\libpp.a(if_hwctrl.o)
                0x3ffed3e0                interface_mask
                0x3ffed400                if_ctrl
 .bss           0x3ffed420      0x150 C:\Users\Hans\.platformio\packages\framework-arduinoespressif8266@1.20300.1\tools\sdk\lib\libpp.a(lmac.o)
                0x3ffed424                lmacConfMib
                0x3ffed448                our_tx_eb
 .bss           0x3ffed570      0x11a C:\Users\Hans\.platformio\packages\framework-arduinoespressif8266@1.20300.1\tools\sdk\lib\libpp.a(pm.o)
                0x3ffed570                pmc
                0x3ffed650                flash_tmp
 *fill*         0x3ffed68a        0x2 
 .bss           0x3ffed68c       0x41 C:\Users\Hans\.platformio\packages\framework-arduinoespressif8266@1.20300.1\tools\sdk\lib\libmain.a(app_main.o)
                0x3ffed690                info
                0x3ffed6b4                lwip_timer_interval
                0x3ffed6b8                check_timeouts_timer
                0x3ffed6cc                user_init_flag
 *fill*         0x3ffed6cd        0x3 
 .bss           0x3ffed6d0       0x30 C:\Users\Hans\.platformio\packages\framework-arduinoespressif8266@1.20300.1\tools\sdk\lib\libmain.a(ets_timer.o)
                0x3ffed6d0                dbg_timer_flag
                0x3ffed6d4                timer_list
                0x3ffed6d8                debug_timer
                0x3ffed6dc                debug_timerfn
 .bss           0x3ffed700        0x4 C:\Users\Hans\.platformio\packages\framework-arduinoespressif8266@1.20300.1\tools\sdk\lib\libmain.a(spi_flash.o)
                0x3ffed700                flash_read
 *fill*         0x3ffed704        0xc 
 .bss           0x3ffed710      0x242 C:\Users\Hans\.platformio\packages\framework-arduinoespressif8266@1.20300.1\tools\sdk\lib\libmain.a(user_interface.o)
                0x3ffed807                deep_sleep_flag
                0x3ffed808                cpu_overclock
                0x3ffed80c                event_cb
                0x3ffed810                status_led_output_level
                0x3ffed814                done_cb
                0x3ffed818                rst_if
                0x3ffed834                default_interface
                0x3ffed835                OpmodChgIsOnGoing
                0x3ffed838                promiscuous_cb
                0x3ffed850                event_TaskQueue
 *fill*         0x3ffed952        0xe 
 .bss           0x3ffed960      0x1c0 C:\Users\Hans\.platformio\packages\framework-arduinoespressif8266@1.20300.1\tools\sdk\lib\libmain.a(nmi-vector.o)
 .bss           0x3ffedb20        0xc C:\Users\Hans\.platformio\packages\framework-arduinoespressif8266@1.20300.1\tools\sdk\lib\libmain.a(eagle_lwip_if.o)
                0x3ffedb20                hostname
 .bss           0x3ffedb2c      0x67c C:\Users\Hans\.platformio\packages\framework-arduinoespressif8266@1.20300.1\tools\sdk\lib\libnet80211.a(ieee80211.o)
                0x3ffedb2c                g_ic
 .bss           0x3ffee1a8       0x56 C:\Users\Hans\.platformio\packages\framework-arduinoespressif8266@1.20300.1\tools\sdk\lib\libnet80211.a(ieee80211_hostap.o)
                0x3ffee1a8                BcnEb_update
                0x3ffee1b5                BcnWithMcastSendStart
                0x3ffee1b6                BcnWithMcastSendCnt
                0x3ffee1d0                PendFreeBcnEb
                0x3ffee1d4                ApFreqCalTimer
                0x3ffee1e8                APRecvBcnStartTick
 *fill*         0x3ffee1fe        0x2 
 .bss           0x3ffee200       0xc8 C:\Users\Hans\.platformio\packages\framework-arduinoespressif8266@1.20300.1\tools\sdk\lib\libnet80211.a(ieee80211_scan.o)
                0x3ffee200                gScanStruct
                0x3ffee2ac                connect_scan_flag
                0x3ffee2ad                FreqCalCntForScan
                0x3ffee2ae                TestStaFreqCalValInput
                0x3ffee2b0                auth_type
                0x3ffee2b2                scannum
 .bss           0x3ffee2c8       0x10 C:\Users\Hans\.platformio\packages\framework-arduinoespressif8266@1.20300.1\tools\sdk\lib\libnet80211.a(ieee80211_sta.o)
 .bss           0x3ffee2d8       0x3c C:\Users\Hans\.platformio\packages\framework-arduinoespressif8266@1.20300.1\tools\sdk\lib\libnet80211.a(wl_chm.o)
 *fill*         0x3ffee314        0x4 
 .bss           0x3ffee318      0x37a C:\Users\Hans\.platformio\packages\framework-arduinoespressif8266@1.20300.1\tools\sdk\lib\libnet80211.a(wl_cnx.o)
                0x3ffee678                sta_con_timer
                0x3ffee68c                g_cnx_probe_rc_list_cb
                0x3ffee690                reconnect_flag
                0x3ffee691                no_ap_found_index
 *fill*         0x3ffee692        0x2 
 .bss           0x3ffee694       0x10 C:\Users\Hans\.platformio\packages\framework-arduinoespressif8266@1.20300.1\tools\sdk\lib\libnet80211.a(ieee80211_action_vendor.o)
 .bss           0x3ffee6a4        0x4 C:\Users\Hans\.platformio\packages\framework-arduinoespressif8266@1.20300.1\tools\sdk\lib\libphy.a(phy.o)
 .bss           0x3ffee6a8        0x2 C:\Users\Hans\.platformio\packages\framework-arduinoespressif8266@1.20300.1\tools\sdk\lib\libphy.a(phy_chip_v6_ana.o)
                0x3ffee6a8                tout_dis_txpwr_track
                0x3ffee6a9                sleep_mode_flag
 *fill*         0x3ffee6aa        0x6 
 .bss           0x3ffee6b0      0x15b C:\Users\Hans\.platformio\packages\framework-arduinoespressif8266@1.20300.1\tools\sdk\lib\libphy.a(phy_chip_v6.o)
                0x3ffee6b0                g_phyFuns
                0x3ffee6b4                rxiq_compute_num
                0x3ffee6b8                rx_table_renew_en
                0x3ffee6bc                check_result
                0x3ffee6c0                chip6_sleep_params
                0x3ffee754                chip6_phy_init_ctrl
                0x3ffee7c8                phy_freq_offset
                0x3ffee7ca                do_pwctrl_flag
                0x3ffee7cb                txbk_dpdby_flag
                0x3ffee7cd                sw_scan_mode
                0x3ffee7ce                rxmax_ext_level
                0x3ffee7d0                phy_rx_gain_dc_table
                0x3ffee7e4                periodic_cal_dc_num
                0x3ffee7e8                periodic_cal_flag
                0x3ffee7e9                bbpll_cal_flag
                0x3ffee7ea                phy_in_most_power
                0x3ffee7eb                init_rf_no_cal
                0x3ffee7ec                test_print_time
                0x3ffee7f0                phy_rx_gain_dc_flag
                0x3ffee7f1                phy_in_vdd33_offset
                0x3ffee7f2                phy_set_most_tpw_disbg
                0x3ffee7f3                phy_set_most_tpw_index
                0x3ffee7f4                adc_rand_noise
                0x3ffee7f8                dpd_bypass_original
                0x3ffee7fa                phy_txpwr_diff_flash
                0x3ffee800                noise_array
 *fill*         0x3ffee80b        0x1 
 .bss           0x3ffee80c        0x9 C:\Users\Hans\.platformio\packages\framework-arduinoespressif8266@1.20300.1\tools\sdk\lib\libphy.a(phy_chip_v6_cal.o)
                0x3ffee80c                phy_tx_power_out
                0x3ffee80e                phy_tx_pwr_error
                0x3ffee810                tx_pwctrl_track_num
                0x3ffee811                rxiq_cover_fail_num
                0x3ffee812                phy_meas_freq_offset
                0x3ffee814                tx_pwctrl_pk_num
 *fill*         0x3ffee815        0x3 
 .bss           0x3ffee818        0x7 C:\Users\Hans\.platformio\packages\framework-arduinoespressif8266@1.20300.1\tools\sdk\lib\libphy.a(phy_sleep.o)
                0x3ffee818                periodic_cal_sat
                0x3ffee81a                lslp_mem_opt_8266
                0x3ffee81c                software_slp_reject
                0x3ffee81d                SDIO_slp_reject
                0x3ffee81e                hardware_reject
 *fill*         0x3ffee81f        0x1 
 .bss           0x3ffee820      0x26a C:\Users\Hans\.platformio\packages\framework-arduinoespressif8266@1.20300.1\tools\sdk\lib\libwpa.a(wpa.o)
 *fill*         0x3ffeea8a        0x6 
 .bss           0x3ffeea90        0x8 C:\Users\Hans\.platformio\packages\framework-arduinoespressif8266@1.20300.1\tools\sdk\lib\libnet80211.a(ieee80211_crypto_tkip.o)
 *(.bss.*)
 .bss.httpUpdater
                0x3ffeea98       0x14 .pioenvs\updater\src\main.ino.cpp.o
                0x3ffeea98                httpUpdater
 .bss.server    0x3ffeeaac      0x8dc .pioenvs\updater\src\main.ino.cpp.o
                0x3ffeeaac                server
 .bss.WiFi      0x3ffef388        0x1 .pioenvs\updater\lib29e\libESP8266WiFi.a(ESP8266WiFi.cpp.o)
                0x3ffef388                WiFi
 *fill*         0x3ffef389        0x3 
 .bss._ZL12sCbEventList
                0x3ffef38c        0x8 .pioenvs\updater\lib29e\libESP8266WiFi.a(ESP8266WiFiGeneric.cpp.o)
 .bss._ZN5SListI10WiFiClientE8_s_firstE
                0x3ffef394        0x4 .pioenvs\updater\lib29e\libESP8266WiFi.a(WiFiClient.cpp.o)
                0x3ffef394                SList<WiFiClient>::_s_first
 .bss._ZN10WiFiClient10_localPortE
                0x3ffef398        0x2 .pioenvs\updater\lib29e\libESP8266WiFi.a(WiFiClient.cpp.o)
                0x3ffef398                WiFiClient::_localPort
 *fill*         0x3ffef39a        0x2 
 .bss._ZZN8EspClass13getSketchSizeEvE6result
                0x3ffef39c        0x4 .pioenvs\updater\libFrameworkArduino.a(Esp.cpp.o)
 .bss.ESP       0x3ffef3a0        0x1 .pioenvs\updater\libFrameworkArduino.a(Esp.cpp.o)
                0x3ffef3a0                ESP
 *fill*         0x3ffef3a1        0x3 
 .bss.Serial1   0x3ffef3a4       0x1c .pioenvs\updater\libFrameworkArduino.a(HardwareSerial.cpp.o)
                0x3ffef3a4                Serial1
 .bss.Serial    0x3ffef3c0       0x1c .pioenvs\updater\libFrameworkArduino.a(HardwareSerial.cpp.o)
                0x3ffef3c0                Serial
 .bss.INADDR_NONE
                0x3ffef3dc        0x8 .pioenvs\updater\libFrameworkArduino.a(IPAddress.cpp.o)
                0x3ffef3dc                INADDR_NONE
 .bss.Update    0x3ffef3e4       0x90 .pioenvs\updater\libFrameworkArduino.a(Updater.cpp.o)
                0x3ffef3e4                Update
 .bss._ZZL12loop_wrappervE10setup_done
                0x3ffef474        0x1 .pioenvs\updater\libFrameworkArduino.a(core_esp8266_main.cpp.o)
 *fill*         0x3ffef475        0x3 
 .bss._ZL22g_micros_at_task_start
                0x3ffef478        0x4 .pioenvs\updater\libFrameworkArduino.a(core_esp8266_main.cpp.o)
 .bss._ZL12g_loop_queue
                0x3ffef47c        0x8 .pioenvs\updater\libFrameworkArduino.a(core_esp8266_main.cpp.o)
 *fill*         0x3ffef484        0xc 
 .bss.g_cont    0x3ffef490     0x1028 .pioenvs\updater\libFrameworkArduino.a(core_esp8266_main.cpp.o)
                0x3ffef490                g_cont
 .bss.resetInfo
                0x3fff04b8       0x1c .pioenvs\updater\libFrameworkArduino.a(core_esp8266_main.cpp.o)
                0x3fff04b8                resetInfo
 .bss.s_abort_called
                0x3fff04d4        0x1 .pioenvs\updater\libFrameworkArduino.a(core_esp8266_postmortem.c.o)
 *fill*         0x3fff04d5        0x3 
 .bss.s_panic_func
                0x3fff04d8        0x4 .pioenvs\updater\libFrameworkArduino.a(core_esp8266_postmortem.c.o)
 .bss.s_panic_line
                0x3fff04dc        0x4 .pioenvs\updater\libFrameworkArduino.a(core_esp8266_postmortem.c.o)
 .bss.s_panic_file
                0x3fff04e0        0x4 .pioenvs\updater\libFrameworkArduino.a(core_esp8266_postmortem.c.o)
 .bss.micros_overflow_count
                0x3fff04e4        0x4 .pioenvs\updater\libFrameworkArduino.a(core_esp8266_wiring.c.o)
 .bss.micros_at_last_overflow_tick
                0x3fff04e8        0x4 .pioenvs\updater\libFrameworkArduino.a(core_esp8266_wiring.c.o)
 .bss.micros_overflow_timer
                0x3fff04ec       0x14 .pioenvs\updater\libFrameworkArduino.a(core_esp8266_wiring.c.o)
 .bss.delay_timer
                0x3fff0500       0x14 .pioenvs\updater\libFrameworkArduino.a(core_esp8266_wiring.c.o)
 .bss.interrupt_reg
                0x3fff0514        0x4 .pioenvs\updater\libFrameworkArduino.a(core_esp8266_wiring_digital.c.o)
 .bss.interrupt_handlers
                0x3fff0518       0x80 .pioenvs\updater\libFrameworkArduino.a(core_esp8266_wiring_digital.c.o)
 .bss.errno_var
                0x3fff0598        0x4 .pioenvs\updater\libFrameworkArduino.a(libc_replacements.c.o)
 .bss.s_uart_debug_nr
                0x3fff059c        0x4 .pioenvs\updater\libFrameworkArduino.a(uart.c.o)
 .bss.umm_numblocks
                0x3fff05a0        0x2 .pioenvs\updater\libFrameworkArduino.a(umm_malloc.c.o)
                0x3fff05a0                umm_numblocks
 *fill*         0x3fff05a2        0x2 
 .bss.umm_heap  0x3fff05a4        0x4 .pioenvs\updater\libFrameworkArduino.a(umm_malloc.c.o)
                0x3fff05a4                umm_heap
 .bss._ZL11sLastUnused
                0x3fff05a8        0x4 .pioenvs\updater\libFrameworkArduino.a(Schedule.cpp.o)
 .bss._ZL12sFirstUnused
                0x3fff05ac        0x4 .pioenvs\updater\libFrameworkArduino.a(Schedule.cpp.o)
 .bss._ZL5sLast
                0x3fff05b0        0x4 .pioenvs\updater\libFrameworkArduino.a(Schedule.cpp.o)
 .bss._ZL6sFirst
                0x3fff05b4        0x4 .pioenvs\updater\libFrameworkArduino.a(Schedule.cpp.o)
 .bss.timer0_user_cb
                0x3fff05b8        0x4 .pioenvs\updater\libFrameworkArduino.a(core_esp8266_timer.c.o)
 .bss.timer1_user_cb
                0x3fff05bc        0x4 .pioenvs\updater\libFrameworkArduino.a(core_esp8266_timer.c.o)
 .bss.renew     0x3fff05c0        0x1 C:\Users\Hans\.platformio\packages\framework-arduinoespressif8266@1.20300.1\tools\sdk\lib\liblwip_gcc.a(dhcpserver.o)
 *fill*         0x3fff05c1        0x3 
 .bss.plist     0x3fff05c4        0x4 C:\Users\Hans\.platformio\packages\framework-arduinoespressif8266@1.20300.1\tools\sdk\lib\liblwip_gcc.a(dhcpserver.o)
 .bss.dhcps_lease
                0x3fff05c8        0xc C:\Users\Hans\.platformio\packages\framework-arduinoespressif8266@1.20300.1\tools\sdk\lib\liblwip_gcc.a(dhcpserver.o)
 .bss.client_address
                0x3fff05d4        0x4 C:\Users\Hans\.platformio\packages\framework-arduinoespressif8266@1.20300.1\tools\sdk\lib\liblwip_gcc.a(dhcpserver.o)
 .bss.server_address
                0x3fff05d8        0x4 C:\Users\Hans\.platformio\packages\framework-arduinoespressif8266@1.20300.1\tools\sdk\lib\liblwip_gcc.a(dhcpserver.o)
 .bss.broadcast_dhcps
                0x3fff05dc        0x4 C:\Users\Hans\.platformio\packages\framework-arduinoespressif8266@1.20300.1\tools\sdk\lib\liblwip_gcc.a(dhcpserver.o)
 .bss.pcb_dhcps
                0x3fff05e0        0x4 C:\Users\Hans\.platformio\packages\framework-arduinoespressif8266@1.20300.1\tools\sdk\lib\liblwip_gcc.a(dhcpserver.o)
 .bss.dns_random
                0x3fff05e4        0x1 C:\Users\Hans\.platformio\packages\framework-arduinoespressif8266@1.20300.1\tools\sdk\lib\liblwip_gcc.a(dns.o)
 *fill*         0x3fff05e5        0x3 
 .bss.dns_payload
                0x3fff05e8        0x4 C:\Users\Hans\.platformio\packages\framework-arduinoespressif8266@1.20300.1\tools\sdk\lib\liblwip_gcc.a(dns.o)
 .bss.dns_servers
                0x3fff05ec        0x8 C:\Users\Hans\.platformio\packages\framework-arduinoespressif8266@1.20300.1\tools\sdk\lib\liblwip_gcc.a(dns.o)
 .bss.dns_table
                0x3fff05f4      0x460 C:\Users\Hans\.platformio\packages\framework-arduinoespressif8266@1.20300.1\tools\sdk\lib\liblwip_gcc.a(dns.o)
 .bss.dns_seqno
                0x3fff0a54        0x1 C:\Users\Hans\.platformio\packages\framework-arduinoespressif8266@1.20300.1\tools\sdk\lib\liblwip_gcc.a(dns.o)
 *fill*         0x3fff0a55        0x3 
 .bss.dns_pcb   0x3fff0a58        0x4 C:\Users\Hans\.platformio\packages\framework-arduinoespressif8266@1.20300.1\tools\sdk\lib\liblwip_gcc.a(dns.o)
 .bss.netifnum$2695
                0x3fff0a5c        0x1 C:\Users\Hans\.platformio\packages\framework-arduinoespressif8266@1.20300.1\tools\sdk\lib\liblwip_gcc.a(netif.o)
 .bss.tcp_timer
                0x3fff0a5d        0x1 C:\Users\Hans\.platformio\packages\framework-arduinoespressif8266@1.20300.1\tools\sdk\lib\liblwip_gcc.a(tcp.o)
 *fill*         0x3fff0a5e        0x2 
 .bss.tcpip_tcp_timer_active
                0x3fff0a60        0x4 C:\Users\Hans\.platformio\packages\framework-arduinoespressif8266@1.20300.1\tools\sdk\lib\liblwip_gcc.a(timers.o)
 .bss.timeouts_last_time
                0x3fff0a64        0x4 C:\Users\Hans\.platformio\packages\framework-arduinoespressif8266@1.20300.1\tools\sdk\lib\liblwip_gcc.a(timers.o)
 .bss.next_timeout
                0x3fff0a68        0x4 C:\Users\Hans\.platformio\packages\framework-arduinoespressif8266@1.20300.1\tools\sdk\lib\liblwip_gcc.a(timers.o)
 .bss.etharp_cached_entry
                0x3fff0a6c        0x1 C:\Users\Hans\.platformio\packages\framework-arduinoespressif8266@1.20300.1\tools\sdk\lib\liblwip_gcc.a(etharp.o)
 *fill*         0x3fff0a6d        0x3 
 .bss.arp_table
                0x3fff0a70       0xf0 C:\Users\Hans\.platformio\packages\framework-arduinoespressif8266@1.20300.1\tools\sdk\lib\liblwip_gcc.a(etharp.o)
 .bss.allrouters
                0x3fff0b60        0x4 C:\Users\Hans\.platformio\packages\framework-arduinoespressif8266@1.20300.1\tools\sdk\lib\liblwip_gcc.a(igmp.o)
 .bss.allsystems
                0x3fff0b64        0x4 C:\Users\Hans\.platformio\packages\framework-arduinoespressif8266@1.20300.1\tools\sdk\lib\liblwip_gcc.a(igmp.o)
 .bss.igmp_group_list
                0x3fff0b68        0x4 C:\Users\Hans\.platformio\packages\framework-arduinoespressif8266@1.20300.1\tools\sdk\lib\liblwip_gcc.a(igmp.o)
 .bss.ip_id     0x3fff0b6c        0x2 C:\Users\Hans\.platformio\packages\framework-arduinoespressif8266@1.20300.1\tools\sdk\lib\liblwip_gcc.a(ip.o)
 .bss.str$2146  0x3fff0b6e       0x10 C:\Users\Hans\.platformio\packages\framework-arduinoespressif8266@1.20300.1\tools\sdk\lib\liblwip_gcc.a(ip_addr.o)
 *fill*         0x3fff0b7e        0x2 
 .bss.randnum$3659
                0x3fff0b80        0x4 C:\Users\Hans\.platformio\packages\framework-arduinoespressif8266@1.20300.1\tools\sdk\lib\liblwip_gcc.a(espconn.o)
 .bss.pserver_list
                0x3fff0b84        0x4 C:\Users\Hans\.platformio\packages\framework-arduinoespressif8266@1.20300.1\tools\sdk\lib\liblwip_gcc.a(espconn.o)
                0x3fff0b84                pserver_list
 .bss.plink_active
                0x3fff0b88        0x4 C:\Users\Hans\.platformio\packages\framework-arduinoespressif8266@1.20300.1\tools\sdk\lib\liblwip_gcc.a(espconn.o)
                0x3fff0b88                plink_active
 .bss.raw_pcbs  0x3fff0b8c        0x4 C:\Users\Hans\.platformio\packages\framework-arduinoespressif8266@1.20300.1\tools\sdk\lib\liblwip_gcc.a(raw.o)
 .bss.recv_data
                0x3fff0b90        0x4 C:\Users\Hans\.platformio\packages\framework-arduinoespressif8266@1.20300.1\tools\sdk\lib\liblwip_gcc.a(tcp_in.o)
 .bss.recv_flags
                0x3fff0b94        0x1 C:\Users\Hans\.platformio\packages\framework-arduinoespressif8266@1.20300.1\tools\sdk\lib\liblwip_gcc.a(tcp_in.o)
 *fill*         0x3fff0b95        0x1 
 .bss.tcplen    0x3fff0b96        0x2 C:\Users\Hans\.platformio\packages\framework-arduinoespressif8266@1.20300.1\tools\sdk\lib\liblwip_gcc.a(tcp_in.o)
 .bss.flags     0x3fff0b98        0x1 C:\Users\Hans\.platformio\packages\framework-arduinoespressif8266@1.20300.1\tools\sdk\lib\liblwip_gcc.a(tcp_in.o)
 *fill*         0x3fff0b99        0x3 
 .bss.ackno     0x3fff0b9c        0x4 C:\Users\Hans\.platformio\packages\framework-arduinoespressif8266@1.20300.1\tools\sdk\lib\liblwip_gcc.a(tcp_in.o)
 .bss.seqno     0x3fff0ba0        0x4 C:\Users\Hans\.platformio\packages\framework-arduinoespressif8266@1.20300.1\tools\sdk\lib\liblwip_gcc.a(tcp_in.o)
 .bss.iphdr     0x3fff0ba4        0x4 C:\Users\Hans\.platformio\packages\framework-arduinoespressif8266@1.20300.1\tools\sdk\lib\liblwip_gcc.a(tcp_in.o)
 .bss.tcphdr    0x3fff0ba8        0x4 C:\Users\Hans\.platformio\packages\framework-arduinoespressif8266@1.20300.1\tools\sdk\lib\liblwip_gcc.a(tcp_in.o)
 .bss.inseg     0x3fff0bac       0x14 C:\Users\Hans\.platformio\packages\framework-arduinoespressif8266@1.20300.1\tools\sdk\lib\liblwip_gcc.a(tcp_in.o)
 .bss._ZN5SListI7WiFiUDPE8_s_firstE
                0x3fff0bc0        0x4 .pioenvs\updater\lib29e\libESP8266WiFi.a(WiFiUdp.cpp.o)
                0x3fff0bc0                SList<WiFiUDP>::_s_first
 *(.gnu.linkonce.b.*)
 *(COMMON)
 COMMON         0x3fff0bc4        0xe .pioenvs\updater\libFrameworkArduino.a(umm_malloc.c.o)
                0x3fff0bc4                ummHeapInfo
 *fill*         0x3fff0bd2        0x2 
 COMMON         0x3fff0bd4       0x78 C:\Users\Hans\.platformio\packages\framework-arduinoespressif8266@1.20300.1\tools\sdk\lib\liblwip_gcc.a(espconn_tcp.o)
                0x3fff0bd4                espconn_TaskQueue
 COMMON         0x3fff0c4c       0x34 C:\Users\Hans\.platformio\packages\framework-arduinoespressif8266@1.20300.1\tools\sdk\lib\liblwip_gcc.a(dhcp.o)
                0x3fff0c4c                dhcp_rx_options_given
                0x3fff0c58                dhcp_rx_options_val
 COMMON         0x3fff0c80        0x8 C:\Users\Hans\.platformio\packages\framework-arduinoespressif8266@1.20300.1\tools\sdk\lib\liblwip_gcc.a(netif.o)
                0x3fff0c80                netif_list
                0x3fff0c84                netif_default
 COMMON         0x3fff0c88       0x18 C:\Users\Hans\.platformio\packages\framework-arduinoespressif8266@1.20300.1\tools\sdk\lib\liblwip_gcc.a(tcp.o)
                0x3fff0c88                tcp_active_pcbs
                0x3fff0c8c                tcp_ticks
                0x3fff0c90                tcp_listen_pcbs
                0x3fff0c94                tcp_tmp_pcb
                0x3fff0c98                tcp_bound_pcbs
                0x3fff0c9c                tcp_tw_pcbs
 COMMON         0x3fff0ca0        0x4 C:\Users\Hans\.platformio\packages\framework-arduinoespressif8266@1.20300.1\tools\sdk\lib\liblwip_gcc.a(udp.o)
                0x3fff0ca0                udp_pcbs
 COMMON         0x3fff0ca4       0x10 C:\Users\Hans\.platformio\packages\framework-arduinoespressif8266@1.20300.1\tools\sdk\lib\liblwip_gcc.a(ip.o)
                0x3fff0ca4                current_iphdr_src
                0x3fff0ca8                current_netif
                0x3fff0cac                current_iphdr_dest
                0x3fff0cb0                current_header
 COMMON         0x3fff0cb4       0xdc C:\Users\Hans\.platformio\packages\framework-arduinoespressif8266@1.20300.1\tools\sdk\lib\liblwip_gcc.a(espconn.o)
                0x3fff0cb4                premot
                0x3fff0d68                pktinfo
 COMMON         0x3fff0d90        0x4 C:\Users\Hans\.platformio\packages\framework-arduinoespressif8266@1.20300.1\tools\sdk\lib\liblwip_gcc.a(tcp_in.o)
                0x3fff0d90                tcp_input_pcb
                0x3fff0d98                . = ALIGN (0x8)
 *fill*         0x3fff0d94        0x4 
                0x3fff0d98                _bss_end = ABSOLUTE (.)
                0x3fff0d98                _heap_start = ABSOLUTE (.)

.irom0.text     0x40201010    0x34ad3
                0x40201010                _irom0_text_start = ABSOLUTE (.)
 *(.ver_number)
 *.pioenvs\\*\\lib*.a:(EXCLUDE_FILE(umm_malloc.o) .literal*, \ EXCLUDE_FILE(umm_malloc.o) .text*)
 .text.startup._GLOBAL__sub_I__ZN16ESP8266WiFiClass9printDiagER5Print
                0x40201010       0x19 .pioenvs\updater\lib29e\libESP8266WiFi.a(ESP8266WiFi.cpp.o)
                                 0x1d (size before relaxing)
 *fill*         0x40201029        0x3 
 .text._ZN18ESP8266WiFiAPClass12softAPConfigE9IPAddressS0_S0_
                0x4020102c       0xbd .pioenvs\updater\lib29e\libESP8266WiFi.a(ESP8266WiFiAP.cpp.o)
                                 0xfd (size before relaxing)
                0x40201030                ESP8266WiFiAPClass::softAPConfig(IPAddress, IPAddress, IPAddress)
 *fill*         0x402010e9        0x3 
 .text._ZN18ESP8266WiFiAPClass6softAPEPKcS1_ii
                0x402010ec      0x1ba .pioenvs\updater\lib29e\libESP8266WiFi.a(ESP8266WiFiAP.cpp.o)
                                0x21a (size before relaxing)
                0x4020110c                ESP8266WiFiAPClass::softAP(char const*, char const*, int, int)
 *fill*         0x402012a6        0x2 
 .text._Z23wifi_dns_found_callbackPKcP7ip_addrPv
                0x402012a8       0x1b .pioenvs\updater\lib29e\libESP8266WiFi.a(ESP8266WiFiGeneric.cpp.o)
                                 0x26 (size before relaxing)
                0x402012a8                wifi_dns_found_callback(char const*, ip_addr*, void*)
 *fill*         0x402012c3        0x1 
 .text._ZN23ESP8266WiFiGenericClassC2Ev
                0x402012c4       0x19 .pioenvs\updater\lib29e\libESP8266WiFi.a(ESP8266WiFiGeneric.cpp.o)
                                 0x1d (size before relaxing)
                0x402012c8                ESP8266WiFiGenericClass::ESP8266WiFiGenericClass()
                0x402012c8                ESP8266WiFiGenericClass::ESP8266WiFiGenericClass()
 *fill*         0x402012dd        0x3 
 .text._ZN23ESP8266WiFiGenericClass4modeE8WiFiMode
                0x402012e0       0x4d .pioenvs\updater\lib29e\libESP8266WiFi.a(ESP8266WiFiGeneric.cpp.o)
                                 0x69 (size before relaxing)
                0x402012e0                ESP8266WiFiGenericClass::mode(WiFiMode)
 *fill*         0x4020132d        0x3 
 .text._ZN23ESP8266WiFiGenericClass8enableAPEb
                0x40201330       0x49 .pioenvs\updater\lib29e\libESP8266WiFi.a(ESP8266WiFiGeneric.cpp.o)
                                 0x51 (size before relaxing)
                0x40201330                ESP8266WiFiGenericClass::enableAP(bool)
 *fill*         0x40201379        0x3 
 .text._ZN23ESP8266WiFiGenericClass10hostByNameEPKcR9IPAddress
                0x4020137c       0x69 .pioenvs\updater\lib29e\libESP8266WiFi.a(ESP8266WiFiGeneric.cpp.o)
                                 0x8d (size before relaxing)
                0x40201380                ESP8266WiFiGenericClass::hostByName(char const*, IPAddress&)
 *fill*         0x402013e5        0x3 
 .text._ZN23ESP8266WiFiGenericClass14_eventCallbackEPv
                0x402013e8       0x92 .pioenvs\updater\lib29e\libESP8266WiFi.a(ESP8266WiFiGeneric.cpp.o)
                                 0xaa (size before relaxing)
                0x402013f0                ESP8266WiFiGenericClass::_eventCallback(void*)
 *fill*         0x4020147a        0x2 
 .text._ZNSt10_List_baseISt10shared_ptrI22WiFiEventHandlerOpaqueESaIS2_EE8_M_clearEv
                0x4020147c       0x32 .pioenvs\updater\lib29e\libESP8266WiFi.a(ESP8266WiFiGeneric.cpp.o)
                                 0x3e (size before relaxing)
                0x4020147c                std::_List_base<std::shared_ptr<WiFiEventHandlerOpaque>, std::allocator<std::shared_ptr<WiFiEventHandlerOpaque> > >::_M_clear()
 *fill*         0x402014ae        0x2 
 .text.startup._GLOBAL__sub_I__ZN23ESP8266WiFiGenericClass11_persistentE
                0x402014b0        0x9 .pioenvs\updater\lib29e\libESP8266WiFi.a(ESP8266WiFiGeneric.cpp.o)
                                  0xd (size before relaxing)
 *fill*         0x402014b9        0x3 
 .text.exit._GLOBAL__sub_D__ZN23ESP8266WiFiGenericClass11_persistentE
                0x402014bc       0x15 .pioenvs\updater\lib29e\libESP8266WiFi.a(ESP8266WiFiGeneric.cpp.o)
                                 0x1d (size before relaxing)
 *fill*         0x402014d1        0x3 
 .text._ZN10WiFiClient7connectEPKct
                0x402014d4       0x44 .pioenvs\updater\lib29e\libESP8266WiFi.a(WiFiClient.cpp.o)
                                 0x58 (size before relaxing)
                0x402014d4                WiFiClient::connect(char const*, unsigned short)
 .text._ZN10WiFiClient7connectE9IPAddresst
                0x40201518       0x8c .pioenvs\updater\lib29e\libESP8266WiFi.a(WiFiClient.cpp.o)
                                 0xb4 (size before relaxing)
                0x40201524                WiFiClient::connect(IPAddress, unsigned short)
 .text._ZN10WiFiClient6_s_errEPva
                0x402015a4        0xf .pioenvs\updater\lib29e\libESP8266WiFi.a(WiFiClient.cpp.o)
                                 0x17 (size before relaxing)
                0x402015a4                WiFiClient::_s_err(void*, signed char)
 *fill*         0x402015b3        0x1 
 .text._ZN10WiFiClient9availableEv
                0x402015b4       0x28 .pioenvs\updater\lib29e\libESP8266WiFi.a(WiFiClient.cpp.o)
                                 0x2f (size before relaxing)
                0x402015b4                WiFiClient::available()
 *fill*         0x402015dc        0x0 
 .text._ZN10WiFiClient9peekBytesEPhj
                0x402015dc       0xb6 .pioenvs\updater\lib29e\libESP8266WiFi.a(WiFiClient.cpp.o)
                                 0xbe (size before relaxing)
                0x402015e4                WiFiClient::peekBytes(unsigned char*, unsigned int)
 *fill*         0x40201692        0x2 
 .text._ZN13ClientContext7_s_sentEPvP7tcp_pcbt
                0x40201694       0x25 .pioenvs\updater\lib29e\libESP8266WiFi.a(WiFiClient.cpp.o)
                                 0x29 (size before relaxing)
                0x40201694                ClientContext::_s_sent(void*, tcp_pcb*, unsigned short)
 *fill*         0x402016b9        0x3 
 .text._ZN13ClientContext7_s_recvEPvP7tcp_pcbP4pbufa
                0x402016bc       0x6d .pioenvs\updater\lib29e\libESP8266WiFi.a(WiFiClient.cpp.o)
                                 0x99 (size before relaxing)
                0x402016bc                ClientContext::_s_recv(void*, tcp_pcb*, pbuf*, signed char)
 *fill*         0x40201729        0x3 
 .text._ZN13ClientContext8_s_errorEPva
                0x4020172c       0x3e .pioenvs\updater\lib29e\libESP8266WiFi.a(WiFiClient.cpp.o)
                                 0x62 (size before relaxing)
                0x4020172c                ClientContext::_s_error(void*, signed char)
 *fill*         0x4020176a        0x2 
 .text._ZN13ClientContext5flushEv
                0x4020176c       0x31 .pioenvs\updater\lib29e\libESP8266WiFi.a(WiFiClient.cpp.o)
                                 0x39 (size before relaxing)
                0x4020176c                ClientContext::flush()
 *fill*         0x4020179d        0x3 
 .text._ZN13ClientContext5unrefEv
                0x402017a0       0x68 .pioenvs\updater\lib29e\libESP8266WiFi.a(WiFiClient.cpp.o)
                                 0x9f (size before relaxing)
                0x402017a0                ClientContext::unref()
 *fill*         0x40201808        0x0 
 .text._ZN10WiFiClient4stopEv
                0x40201808       0x21 .pioenvs\updater\lib29e\libESP8266WiFi.a(WiFiClient.cpp.o)
                                 0x25 (size before relaxing)
                0x40201808                WiFiClient::stop()
 *fill*         0x40201829        0x3 
 .text._ZN10WiFiClientD2Ev
                0x4020182c       0x4b .pioenvs\updater\lib29e\libESP8266WiFi.a(WiFiClient.cpp.o)
                                 0x4f (size before relaxing)
                0x40201834                WiFiClient::~WiFiClient()
                0x40201834                WiFiClient::~WiFiClient()
 *fill*         0x40201877        0x1 
 .text._ZN10WiFiClientD0Ev
                0x40201878       0x1d .pioenvs\updater\lib29e\libESP8266WiFi.a(WiFiClient.cpp.o)
                                 0x29 (size before relaxing)
                0x40201878                WiFiClient::~WiFiClient()
 *fill*         0x40201895        0x3 
 .text._ZN10WiFiClient5flushEv
                0x40201898       0x14 .pioenvs\updater\lib29e\libESP8266WiFi.a(WiFiClient.cpp.o)
                                 0x1b (size before relaxing)
                0x40201898                WiFiClient::flush()
 *fill*         0x402018ac        0x0 
 .text._ZN13ClientContext5writeEPKcj
                0x402018ac       0x5f .pioenvs\updater\lib29e\libESP8266WiFi.a(WiFiClient.cpp.o)
                                 0x73 (size before relaxing)
                0x402018b0                ClientContext::write(char const*, unsigned int)
 *fill*         0x4020190b        0x1 
 .text._ZN10WiFiClient5writeEPKhj
                0x4020190c       0x21 .pioenvs\updater\lib29e\libESP8266WiFi.a(WiFiClient.cpp.o)
                                 0x29 (size before relaxing)
                0x4020190c                WiFiClient::write(unsigned char const*, unsigned int)
 *fill*         0x4020192d        0x3 
 .text._ZN13ClientContext8_consumeEj
                0x40201930       0x67 .pioenvs\updater\lib29e\libESP8266WiFi.a(WiFiClient.cpp.o)
                                 0x7f (size before relaxing)
                0x40201930                ClientContext::_consume(unsigned int)
 *fill*         0x40201997        0x1 
 .text._ZN10WiFiClient4readEv
                0x40201998       0x40 .pioenvs\updater\lib29e\libESP8266WiFi.a(WiFiClient.cpp.o)
                                 0x44 (size before relaxing)
                0x40201998                WiFiClient::read()
 .text._ZN10WiFiClient4readEPhj
                0x402019d8       0x75 .pioenvs\updater\lib29e\libESP8266WiFi.a(WiFiClient.cpp.o)
                                 0x7d (size before relaxing)
                0x402019d8                WiFiClient::read(unsigned char*, unsigned int)
 *fill*         0x40201a4d        0x3 
 .text._ZN10WiFiClientC2Ev
                0x40201a50       0x1b .pioenvs\updater\lib29e\libESP8266WiFi.a(WiFiClient.cpp.o)
                                 0x23 (size before relaxing)
                0x40201a50                WiFiClient::WiFiClient()
                0x40201a50                WiFiClient::WiFiClient()
 *fill*         0x40201a6b        0x1 
 .text._ZN10WiFiClientC2EP13ClientContext
                0x40201a6c       0x21 .pioenvs\updater\lib29e\libESP8266WiFi.a(WiFiClient.cpp.o)
                                 0x29 (size before relaxing)
                0x40201a6c                WiFiClient::WiFiClient(ClientContext*)
                0x40201a6c                WiFiClient::WiFiClient(ClientContext*)
 *fill*         0x40201a8d        0x3 
 .text._ZN10WiFiClientC2ERKS_
                0x40201a90       0x27 .pioenvs\updater\lib29e\libESP8266WiFi.a(WiFiClient.cpp.o)
                                 0x2f (size before relaxing)
                0x40201a90                WiFiClient::WiFiClient(WiFiClient const&)
                0x40201a90                WiFiClient::WiFiClient(WiFiClient const&)
 *fill*         0x40201ab7        0x1 
 .text._ZN10WiFiClientaSERKS_
                0x40201ab8       0x31 .pioenvs\updater\lib29e\libESP8266WiFi.a(WiFiClient.cpp.o)
                                 0x35 (size before relaxing)
                0x40201ab8                WiFiClient::operator=(WiFiClient const&)
 *fill*         0x40201ae9        0x3 
 .text._ZN10WiFiClient10_connectedEPva
                0x40201aec       0x7b .pioenvs\updater\lib29e\libESP8266WiFi.a(WiFiClient.cpp.o)
                                 0xaf (size before relaxing)
                0x40201af8                WiFiClient::_connected(void*, signed char)
 *fill*         0x40201b67        0x1 
 .text._ZN10WiFiClient12_s_connectedEPvS0_a
                0x40201b68       0x1b .pioenvs\updater\lib29e\libESP8266WiFi.a(WiFiClient.cpp.o)
                                 0x1f (size before relaxing)
                0x40201b68                WiFiClient::_s_connected(void*, void*, signed char)
 *fill*         0x40201b83        0x1 
 .text._ZN10WiFiClient7stopAllEv
                0x40201b84       0x27 .pioenvs\updater\lib29e\libESP8266WiFi.a(WiFiClient.cpp.o)
                                 0x2b (size before relaxing)
                0x40201b84                WiFiClient::stopAll()
 *fill*         0x40201bab        0x1 
 .text._ZN14RequestHandlerD2Ev
                0x40201bac        0xb .pioenvs\updater\lib1ac\libESP8266WebServer.a(ESP8266WebServer.cpp.o)
                0x40201bb0                RequestHandler::~RequestHandler()
                0x40201bb0                RequestHandler::~RequestHandler()
 *fill*         0x40201bb7        0x1 
 .text._ZN14RequestHandlerD0Ev
                0x40201bb8       0x17 .pioenvs\updater\lib1ac\libESP8266WebServer.a(ESP8266WebServer.cpp.o)
                                 0x1f (size before relaxing)
                0x40201bb8                RequestHandler::~RequestHandler()
 *fill*         0x40201bcf        0x1 
 .text._ZN22FunctionRequestHandler9canUploadE6String
                0x40201bd0       0x44 .pioenvs\updater\lib1ac\libESP8266WebServer.a(ESP8266WebServer.cpp.o)
                                 0x54 (size before relaxing)
                0x40201bd0                FunctionRequestHandler::canUpload(String)
 .text._ZN10HTTPUploadC2Ev
                0x40201c14       0x37 .pioenvs\updater\lib1ac\libESP8266WebServer.a(ESP8266WebServer.cpp.o)
                                 0x4b (size before relaxing)
 *fill*         0x40201c4b        0x1 
 .text._ZN22FunctionRequestHandler9canHandleE10HTTPMethod6String
                0x40201c4c       0x2d .pioenvs\updater\lib1ac\libESP8266WebServer.a(ESP8266WebServer.cpp.o)
                                 0x31 (size before relaxing)
                0x40201c4c                FunctionRequestHandler::canHandle(HTTPMethod, String)
 *fill*         0x40201c79        0x3 
 .text._ZN22FunctionRequestHandlerD2Ev
                0x40201c7c       0x33 .pioenvs\updater\lib1ac\libESP8266WebServer.a(ESP8266WebServer.cpp.o)
                                 0x4b (size before relaxing)
                0x40201c80                FunctionRequestHandler::~FunctionRequestHandler()
                0x40201c80                FunctionRequestHandler::~FunctionRequestHandler()
 *fill*         0x40201caf        0x1 
 .text._ZN22FunctionRequestHandlerD0Ev
                0x40201cb0       0x1d .pioenvs\updater\lib1ac\libESP8266WebServer.a(ESP8266WebServer.cpp.o)
                                 0x29 (size before relaxing)
                0x40201cb0                FunctionRequestHandler::~FunctionRequestHandler()
 *fill*         0x40201ccd        0x3 
 .text._ZN16ESP8266WebServerC2Ei
                0x40201cd0       0x7b .pioenvs\updater\lib1ac\libESP8266WebServer.a(ESP8266WebServer.cpp.o)
                                 0xab (size before relaxing)
                0x40201cd8                ESP8266WebServer::ESP8266WebServer(int)
                0x40201cd8                ESP8266WebServer::ESP8266WebServer(int)
 *fill*         0x40201d4b        0x1 
 .text._ZN16ESP8266WebServer10sendHeaderERK6StringS2_b
                0x40201d4c       0x79 .pioenvs\updater\lib1ac\libESP8266WebServer.a(ESP8266WebServer.cpp.o)
                                 0xc5 (size before relaxing)
                0x40201d54                ESP8266WebServer::sendHeader(String const&, String const&, bool)
 *fill*         0x40201dc5        0x3 
 .text._ZN16ESP8266WebServer11sendContentERK6String
                0x40201dc8       0x4d .pioenvs\updater\lib1ac\libESP8266WebServer.a(ESP8266WebServer.cpp.o)
                                 0x51 (size before relaxing)
                0x40201dc8                ESP8266WebServer::sendContent(String const&)
 *fill*         0x40201e15        0x3 
 .text._ZN16ESP8266WebServer3argE6String
                0x40201e18       0x65 .pioenvs\updater\lib1ac\libESP8266WebServer.a(ESP8266WebServer.cpp.o)
                                 0x79 (size before relaxing)
                0x40201e18                ESP8266WebServer::arg(String)
 *fill*         0x40201e7d        0x3 
 .text._ZN16ESP8266WebServer6hasArgE6String
                0x40201e80       0x43 .pioenvs\updater\lib1ac\libESP8266WebServer.a(ESP8266WebServer.cpp.o)
                                 0x47 (size before relaxing)
                0x40201e80                ESP8266WebServer::hasArg(String)
 *fill*         0x40201ec3        0x1 
 .text._ZN16ESP8266WebServer6headerE6String
                0x40201ec4       0x65 .pioenvs\updater\lib1ac\libESP8266WebServer.a(ESP8266WebServer.cpp.o)
                                 0x79 (size before relaxing)
                0x40201ec4                ESP8266WebServer::header(String)
 *fill*         0x40201f29        0x3 
 .text._ZN16ESP8266WebServer14collectHeadersEPPKcj
                0x40201f2c       0xd3 .pioenvs\updater\lib1ac\libESP8266WebServer.a(ESP8266WebServer.cpp.o)
                                0x103 (size before relaxing)
                0x40201f34                ESP8266WebServer::collectHeaders(char const**, unsigned int)
 *fill*         0x40201fff        0x1 
 .text._ZN16ESP8266WebServer5beginEv
                0x40202000       0x2b .pioenvs\updater\lib1ac\libESP8266WebServer.a(ESP8266WebServer.cpp.o)
                                 0x3b (size before relaxing)
                0x40202000                ESP8266WebServer::begin()
 *fill*         0x4020202b        0x1 
 .text._ZN16ESP8266WebServer9hasHeaderE6String
                0x4020202c       0x62 .pioenvs\updater\lib1ac\libESP8266WebServer.a(ESP8266WebServer.cpp.o)
                                 0x66 (size before relaxing)
                0x4020202c                ESP8266WebServer::hasHeader(String)
 *fill*         0x4020208e        0x2 
 .text._ZN16ESP8266WebServer12authenticateEPKcS1_
                0x40202090      0x1ad .pioenvs\updater\lib1ac\libESP8266WebServer.a(ESP8266WebServer.cpp.o)
                                0x2b1 (size before relaxing)
                0x402020a0                ESP8266WebServer::authenticate(char const*, char const*)
 *fill*         0x4020223d        0x3 
 .text._ZN16ESP8266WebServer21_responseCodeToStringEi
                0x40202240      0x3a5 .pioenvs\updater\lib1ac\libESP8266WebServer.a(ESP8266WebServer.cpp.o)
                                0x3b1 (size before relaxing)
                0x402022e0                ESP8266WebServer::_responseCodeToString(int)
 *fill*         0x402025e5        0x3 
 .text._ZN16ESP8266WebServer14_prepareHeaderER6StringiPKcj
                0x402025e8      0x17d .pioenvs\updater\lib1ac\libESP8266WebServer.a(ESP8266WebServer.cpp.o)
                                0x27d (size before relaxing)
                0x4020260c                ESP8266WebServer::_prepareHeader(String&, int, char const*, unsigned int)
 *fill*         0x40202765        0x3 
 .text._ZN16ESP8266WebServer4sendEiPKcRK6String
                0x40202768       0x53 .pioenvs\updater\lib1ac\libESP8266WebServer.a(ESP8266WebServer.cpp.o)
                                 0x77 (size before relaxing)
                0x40202768                ESP8266WebServer::send(int, char const*, String const&)
 *fill*         0x402027bb        0x1 
 .text._ZN16ESP8266WebServer21requestAuthenticationEv
                0x402027bc       0x59 .pioenvs\updater\lib1ac\libESP8266WebServer.a(ESP8266WebServer.cpp.o)
                                 0x95 (size before relaxing)
                0x402027c4                ESP8266WebServer::requestAuthentication()
 *fill*         0x40202815        0x3 
 .text._ZN16ESP8266WebServer2onEPKc10HTTPMethodSt8functionIFvvEES5_
                0x40202818       0x70 .pioenvs\updater\lib1ac\libESP8266WebServer.a(ESP8266WebServer.cpp.o)
                                 0xb4 (size before relaxing)
                0x40202818                ESP8266WebServer::on(char const*, HTTPMethod, std::function<void ()>, std::function<void ()>)
 .text._ZN16ESP8266WebServer2onEPKc10HTTPMethodSt8functionIFvvEE
                0x40202888       0x46 .pioenvs\updater\lib1ac\libESP8266WebServer.a(ESP8266WebServer.cpp.o)
                                 0x66 (size before relaxing)
                0x40202888                ESP8266WebServer::on(char const*, HTTPMethod, std::function<void ()>)
 *fill*         0x402028ce        0x2 
 .text._ZNKSt8functionIFvvEEclEv
                0x402028d0       0x19 .pioenvs\updater\lib1ac\libESP8266WebServer.a(ESP8266WebServer.cpp.o)
                                 0x20 (size before relaxing)
                0x402028d0                std::function<void ()>::operator()() const
 *fill*         0x402028e9        0x3 
 .text._ZN22FunctionRequestHandler6handleER16ESP8266WebServer10HTTPMethod6String
                0x402028ec       0x41 .pioenvs\updater\lib1ac\libESP8266WebServer.a(ESP8266WebServer.cpp.o)
                                 0x55 (size before relaxing)
                0x402028ec                FunctionRequestHandler::handle(ESP8266WebServer&, HTTPMethod, String)
 *fill*         0x4020292d        0x3 
 .text._ZN22FunctionRequestHandler6uploadER16ESP8266WebServer6StringR10HTTPUpload
                0x40202930       0x38 .pioenvs\updater\lib1ac\libESP8266WebServer.a(ESP8266WebServer.cpp.o)
                                 0x4c (size before relaxing)
                0x40202930                FunctionRequestHandler::upload(ESP8266WebServer&, String, HTTPUpload&)
 .text._ZN16ESP8266WebServer14_handleRequestEv
                0x40202968       0xb9 .pioenvs\updater\lib1ac\libESP8266WebServer.a(ESP8266WebServer.cpp.o)
                                0x10d (size before relaxing)
                0x40202970                ESP8266WebServer::_handleRequest()
 *fill*         0x40202a21        0x3 
 .text._ZNSt8functionIFvvEEaSIRS1_EENSt9enable_ifIXsrSt5__or_IISt7is_voidIvESt14is_convertibleIDTclcl18__callable_functorcl7declvalIRT_EEEEEvEEE5valueES3_E4typeEOS9_
                0x40202a24       0x40 .pioenvs\updater\lib1ac\libESP8266WebServer.a(ESP8266WebServer.cpp.o)
                                 0x4c (size before relaxing)
                0x40202a24                std::enable_if<std::__or_<std::is_void<void>, std::is_convertible<decltype ((__callable_functor((declval<std::function<void ()>&>)()))()), void> >::value, std::function<void ()>&>::type std::function<void ()>::operator=<std::function<void ()>&>(std::function<void ()>&)
                0x40202a24                std::enable_if<std::__or_<std::is_void<void>, std::is_convertible<decltype ((__callable_functor((declval<std::function<void ()>&>)()))()), void> >::value, std::function<void ()>&>::type std::function<void ()>::operator=<std::function<void ()>&>(std::function<void ()>&)
 .text._ZN16ESP8266WebServer10onNotFoundESt8functionIFvvEE
                0x40202a64       0x15 .pioenvs\updater\lib1ac\libESP8266WebServer.a(ESP8266WebServer.cpp.o)
                                 0x19 (size before relaxing)
                0x40202a64                ESP8266WebServer::onNotFound(std::function<void ()>)
 *fill*         0x40202a79        0x3 
 .text._ZN16ESP8266WebServerD2Ev
                0x40202a7c       0xb4 .pioenvs\updater\lib1ac\libESP8266WebServer.a(ESP8266WebServer.cpp.o)
                                0x118 (size before relaxing)
                0x40202a80                ESP8266WebServer::~ESP8266WebServer()
                0x40202a80                ESP8266WebServer::~ESP8266WebServer()
 .text._ZN16ESP8266WebServer12handleClientEv
                0x40202b30      0x131 .pioenvs\updater\lib1ac\libESP8266WebServer.a(ESP8266WebServer.cpp.o)
                                0x1c1 (size before relaxing)
                0x40202b30                ESP8266WebServer::handleClient()
 *fill*         0x40202c61        0x3 
 .text._ZNK6String9substringEj
                0x40202c64       0x1b .pioenvs\updater\lib1ac\libESP8266WebServer.a(Parsing.cpp.o)
                                 0x23 (size before relaxing)
                0x40202c64                String::substring(unsigned int) const
 *fill*         0x40202c7f        0x1 
 .text._ZN16ESP8266WebServer14_collectHeaderEPKcS1_
                0x40202c80       0x5a .pioenvs\updater\lib1ac\libESP8266WebServer.a(Parsing.cpp.o)
                                 0x66 (size before relaxing)
                0x40202c80                ESP8266WebServer::_collectHeader(char const*, char const*)
 *fill*         0x40202cda        0x2 
 .text._ZN16ESP8266WebServer15RequestArgumentC2Ev
                0x40202cdc       0x2b .pioenvs\updater\lib1ac\libESP8266WebServer.a(Parsing.cpp.o)
                                 0x37 (size before relaxing)
                0x40202ce0                ESP8266WebServer::RequestArgument::RequestArgument()
                0x40202ce0                ESP8266WebServer::RequestArgument::RequestArgument()
 *fill*         0x40202d07        0x1 
 .text._ZN16ESP8266WebServer16_uploadWriteByteEh
                0x40202d08       0x99 .pioenvs\updater\lib1ac\libESP8266WebServer.a(Parsing.cpp.o)
                                 0xb5 (size before relaxing)
                0x40202d0c                ESP8266WebServer::_uploadWriteByte(unsigned char)
 *fill*         0x40202da1        0x3 
 .text._ZN16ESP8266WebServer15_uploadReadByteER10WiFiClient
                0x40202da4       0x56 .pioenvs\updater\lib1ac\libESP8266WebServer.a(Parsing.cpp.o)
                                 0x5a (size before relaxing)
                0x40202da4                ESP8266WebServer::_uploadReadByte(WiFiClient&)
 *fill*         0x40202dfa        0x2 
 .text._ZN16ESP8266WebServer9urlDecodeERK6String
                0x40202dfc       0xa2 .pioenvs\updater\lib1ac\libESP8266WebServer.a(Parsing.cpp.o)
                                 0xce (size before relaxing)
                0x40202e00                ESP8266WebServer::urlDecode(String const&)
 *fill*         0x40202e9e        0x2 
 .text._ZN16ESP8266WebServer15_parseArgumentsE6String
                0x40202ea0      0x18a .pioenvs\updater\lib1ac\libESP8266WebServer.a(Parsing.cpp.o)
                                0x1f2 (size before relaxing)
                0x40202ea0                ESP8266WebServer::_parseArguments(String)
 *fill*         0x4020302a        0x2 
 .text._ZN16ESP8266WebServer23_parseFormUploadAbortedEv
                0x4020302c       0x6d .pioenvs\updater\lib1ac\libESP8266WebServer.a(Parsing.cpp.o)
                                 0x89 (size before relaxing)
                0x4020302c                ESP8266WebServer::_parseFormUploadAborted()
 *fill*         0x40203099        0x3 
 .text._ZN16ESP8266WebServer10_parseFormER10WiFiClient6Stringj
                0x4020309c      0x868 .pioenvs\updater\lib1ac\libESP8266WebServer.a(Parsing.cpp.o)
                                0xc8c (size before relaxing)
                0x402030bc                ESP8266WebServer::_parseForm(WiFiClient&, String, unsigned int)
 .text._ZN16ESP8266WebServer13_parseRequestER10WiFiClient
                0x40203904      0x5ce .pioenvs\updater\lib1ac\libESP8266WebServer.a(Parsing.cpp.o)
                                0x8d5 (size before relaxing)
                0x40203928                ESP8266WebServer::_parseRequest(WiFiClient&)
 *fill*         0x40203ed2        0x2 
 .text._ZNSt17_Function_handlerIFvvEZN23ESP8266HTTPUpdateServer5setupEP16ESP8266WebServerPKcS5_S5_EUlvE_E9_M_invokeERKSt9_Any_data
                0x40203ed4       0x5a .pioenvs\updater\lib892\libESP8266HTTPUpdateServer.a(ESP8266HTTPUpdateServer.cpp.o)
                                 0x7a (size before relaxing)
 *fill*         0x40203f2e        0x2 
 .text._ZNSt17_Function_handlerIFvvEZN23ESP8266HTTPUpdateServer5setupEP16ESP8266WebServerPKcS5_S5_EUlvE0_E9_M_invokeERKSt9_Any_data
                0x40203f30       0x67 .pioenvs\updater\lib892\libESP8266HTTPUpdateServer.a(ESP8266HTTPUpdateServer.cpp.o)
                                 0x8b (size before relaxing)
 *fill*         0x40203f97        0x1 
 .text._ZNSt17_Function_handlerIFvvEZN23ESP8266HTTPUpdateServer5setupEP16ESP8266WebServerPKcS5_S5_EUlvE1_E9_M_invokeERKSt9_Any_data
                0x40203f98      0x16a .pioenvs\updater\lib892\libESP8266HTTPUpdateServer.a(ESP8266HTTPUpdateServer.cpp.o)
                                0x1e1 (size before relaxing)
 *fill*         0x40204102        0x2 
 .text._ZNSt14_Function_base13_Base_managerIZN23ESP8266HTTPUpdateServer5setupEP16ESP8266WebServerPKcS5_S5_EUlvE_E10_M_managerERSt9_Any_dataRKS8_St18_Manager_operation
                0x40204104       0x3f .pioenvs\updater\lib892\libESP8266HTTPUpdateServer.a(ESP8266HTTPUpdateServer.cpp.o)
                                 0x4a (size before relaxing)
 *fill*         0x40204143        0x1 
 .text._ZNSt14_Function_base13_Base_managerIZN23ESP8266HTTPUpdateServer5setupEP16ESP8266WebServerPKcS5_S5_EUlvE0_E10_M_managerERSt9_Any_dataRKS8_St18_Manager_operation
                0x40204144       0x3f .pioenvs\updater\lib892\libESP8266HTTPUpdateServer.a(ESP8266HTTPUpdateServer.cpp.o)
                                 0x4a (size before relaxing)
 *fill*         0x40204183        0x1 
 .text._ZNSt14_Function_base13_Base_managerIZN23ESP8266HTTPUpdateServer5setupEP16ESP8266WebServerPKcS5_S5_EUlvE1_E10_M_managerERSt9_Any_dataRKS8_St18_Manager_operation
                0x40204184       0x3f .pioenvs\updater\lib892\libESP8266HTTPUpdateServer.a(ESP8266HTTPUpdateServer.cpp.o)
                                 0x4a (size before relaxing)
 *fill*         0x402041c3        0x1 
 .text._ZN23ESP8266HTTPUpdateServer5setupEP16ESP8266WebServerPKcS3_S3_
                0x402041c4       0xac .pioenvs\updater\lib892\libESP8266HTTPUpdateServer.a(ESP8266HTTPUpdateServer.cpp.o)
                                 0xe4 (size before relaxing)
                0x402041dc                ESP8266HTTPUpdateServer::setup(ESP8266WebServer*, char const*, char const*, char const*)
 .text._ZN8EspClass7restartEv
                0x40204270       0x15 .pioenvs\updater\libFrameworkArduino.a(Esp.cpp.o)
                                 0x21 (size before relaxing)
                0x40204270                EspClass::restart()
 *fill*         0x40204285        0x3 
 .text._ZN8EspClass20getFlashChipRealSizeEv
                0x40204288       0x22 .pioenvs\updater\libFrameworkArduino.a(Esp.cpp.o)
                0x4020428c                EspClass::getFlashChipRealSize()
 *fill*         0x402042aa        0x2 
 .text._ZN8EspClass16getFlashChipSizeEv
                0x402042ac       0x39 .pioenvs\updater\libFrameworkArduino.a(Esp.cpp.o)
                0x402042b4                EspClass::getFlashChipSize()
 *fill*         0x402042e5        0x3 
 .text._ZN8EspClass18magicFlashChipSizeEh
                0x402042e8       0x12 .pioenvs\updater\libFrameworkArduino.a(Esp.cpp.o)
                                 0x16 (size before relaxing)
                0x402042e8                EspClass::magicFlashChipSize(unsigned char)
 *fill*         0x402042fa        0x2 
 .text._ZN8EspClass16checkFlashConfigEb
                0x402042fc       0x54 .pioenvs\updater\libFrameworkArduino.a(Esp.cpp.o)
                                 0x6c (size before relaxing)
                0x402042fc                EspClass::checkFlashConfig(bool)
 .text._ZN8EspClass13getSketchSizeEv
                0x40204350       0x7d .pioenvs\updater\libFrameworkArduino.a(Esp.cpp.o)
                                 0x85 (size before relaxing)
                0x4020435c                EspClass::getSketchSize()
 *fill*         0x402043cd        0x3 
 .text._ZN8EspClass18getFreeSketchSpaceEv
                0x402043d0       0x31 .pioenvs\updater\libFrameworkArduino.a(Esp.cpp.o)
                                 0x3d (size before relaxing)
                0x402043dc                EspClass::getFreeSketchSpace()
 *fill*         0x40204401        0x3 
 .text._ZN8EspClass16flashEraseSectorEj
                0x40204404       0x3c .pioenvs\updater\libFrameworkArduino.a(Esp.cpp.o)
                                 0x44 (size before relaxing)
                0x40204408                EspClass::flashEraseSector(unsigned int)
 .text._ZN8EspClass10flashWriteEjPjj
                0x40204440       0x49 .pioenvs\updater\libFrameworkArduino.a(Esp.cpp.o)
                                 0x51 (size before relaxing)
                0x40204444                EspClass::flashWrite(unsigned int, unsigned int*, unsigned int)
 *fill*         0x40204489        0x3 
 .text._ZN8EspClass9flashReadEjPjj
                0x4020448c       0x45 .pioenvs\updater\libFrameworkArduino.a(Esp.cpp.o)
                                 0x51 (size before relaxing)
                0x4020448c                EspClass::flashRead(unsigned int, unsigned int*, unsigned int)
 *fill*         0x402044d1        0x3 
 .text._ZN14HardwareSerialD2Ev
                0x402044d4        0xb .pioenvs\updater\libFrameworkArduino.a(HardwareSerial.cpp.o)
                0x402044d8                HardwareSerial::~HardwareSerial()
                0x402044d8                HardwareSerial::~HardwareSerial()
 *fill*         0x402044df        0x1 
 .text._ZN14HardwareSerialD0Ev
                0x402044e0       0x17 .pioenvs\updater\libFrameworkArduino.a(HardwareSerial.cpp.o)
                                 0x1f (size before relaxing)
                0x402044e0                HardwareSerial::~HardwareSerial()
 *fill*         0x402044f7        0x1 
 .text._ZN14HardwareSerial5flushEv
                0x402044f8       0x23 .pioenvs\updater\libFrameworkArduino.a(HardwareSerial.cpp.o)
                                 0x2f (size before relaxing)
                0x402044f8                HardwareSerial::flush()
 *fill*         0x4020451b        0x1 
 .text._ZN14HardwareSerial5writeEh
                0x4020451c       0x37 .pioenvs\updater\libFrameworkArduino.a(HardwareSerial.cpp.o)
                                 0x3f (size before relaxing)
                0x4020451c                HardwareSerial::write(unsigned char)
 *fill*         0x40204553        0x1 
 .text._ZN14HardwareSerial9availableEv
                0x40204554       0x55 .pioenvs\updater\libFrameworkArduino.a(HardwareSerial.cpp.o)
                                 0x61 (size before relaxing)
                0x40204558                HardwareSerial::available()
 *fill*         0x402045a9        0x3 
 .text._ZN14HardwareSerial4peekEv
                0x402045ac       0x21 .pioenvs\updater\libFrameworkArduino.a(HardwareSerial.cpp.o)
                                 0x25 (size before relaxing)
                0x402045ac                HardwareSerial::peek()
 *fill*         0x402045cd        0x3 
 .text._ZN14HardwareSerial4readEv
                0x402045d0       0x3e .pioenvs\updater\libFrameworkArduino.a(HardwareSerial.cpp.o)
                                 0x4a (size before relaxing)
                0x402045d0                HardwareSerial::read()
 *fill*         0x4020460e        0x2 
 .text._ZN14HardwareSerialC2Ei
                0x40204610       0x18 .pioenvs\updater\libFrameworkArduino.a(HardwareSerial.cpp.o)
                                 0x1c (size before relaxing)
                0x40204610                HardwareSerial::HardwareSerial(int)
                0x40204610                HardwareSerial::HardwareSerial(int)
 .text._ZN14HardwareSerial14setDebugOutputEb
                0x40204628       0x3a .pioenvs\updater\libFrameworkArduino.a(HardwareSerial.cpp.o)
                                 0x4d (size before relaxing)
                0x40204628                HardwareSerial::setDebugOutput(bool)
 *fill*         0x40204662        0x2 
 .text.startup._GLOBAL__sub_I__ZN14HardwareSerialC2Ei
                0x40204664       0x23 .pioenvs\updater\libFrameworkArduino.a(HardwareSerial.cpp.o)
                                 0x33 (size before relaxing)
 *fill*         0x40204687        0x1 
 .text.exit._GLOBAL__sub_D__ZN14HardwareSerialC2Ei
                0x40204688        0xf .pioenvs\updater\libFrameworkArduino.a(HardwareSerial.cpp.o)
                                 0x1b (size before relaxing)
 *fill*         0x40204697        0x1 
 .text._ZNK9IPAddress7printToER5Print
                0x40204698       0x53 .pioenvs\updater\libFrameworkArduino.a(IPAddress.cpp.o)
                                 0x67 (size before relaxing)
                0x40204698                IPAddress::printTo(Print&) const
 *fill*         0x402046eb        0x1 
 .text._ZN9IPAddressC2Ev
                0x402046ec        0xb .pioenvs\updater\libFrameworkArduino.a(IPAddress.cpp.o)
                                  0xf (size before relaxing)
                0x402046ec                IPAddress::IPAddress()
                0x402046ec                IPAddress::IPAddress()
 *fill*         0x402046f7        0x1 
 .text._ZN9IPAddressC2Ej
                0x402046f8        0x9 .pioenvs\updater\libFrameworkArduino.a(IPAddress.cpp.o)
                                  0xd (size before relaxing)
                0x402046f8                IPAddress::IPAddress(unsigned int)
                0x402046f8                IPAddress::IPAddress(unsigned int)
 *fill*         0x40204701        0x3 
 .text.startup._GLOBAL__sub_I__ZN9IPAddressC2Ev
                0x40204704       0x1c .pioenvs\updater\libFrameworkArduino.a(IPAddress.cpp.o)
                                 0x20 (size before relaxing)
 .text._ZN10MD5Builder5beginEv
                0x40204720       0x2f .pioenvs\updater\libFrameworkArduino.a(MD5Builder.cpp.o)
                0x40204728                MD5Builder::begin()
 *fill*         0x4020474f        0x1 
 .text._ZN10MD5Builder3addEPht
                0x40204750       0x19 .pioenvs\updater\libFrameworkArduino.a(MD5Builder.cpp.o)
                0x40204754                MD5Builder::add(unsigned char*, unsigned short)
 *fill*         0x40204769        0x3 
 .text._ZN10MD5Builder9calculateEv
                0x4020476c       0x1b .pioenvs\updater\libFrameworkArduino.a(MD5Builder.cpp.o)
                0x40204770                MD5Builder::calculate()
 *fill*         0x40204787        0x1 
 .text._ZN10MD5Builder8getCharsEPc
                0x40204788       0x37 .pioenvs\updater\libFrameworkArduino.a(MD5Builder.cpp.o)
                                 0x3b (size before relaxing)
                0x4020478c                MD5Builder::getChars(char*)
 *fill*         0x402047bf        0x1 
 .text._ZN10MD5Builder8toStringEv
                0x402047c0       0x25 .pioenvs\updater\libFrameworkArduino.a(MD5Builder.cpp.o)
                                 0x31 (size before relaxing)
                0x402047c0                MD5Builder::toString()
 *fill*         0x402047e5        0x3 
 .text._ZN5Print5writeEPKc
                0x402047e8       0x2e .pioenvs\updater\libFrameworkArduino.a(Print.cpp.o)
                                 0x32 (size before relaxing)
                0x402047e8                Print::write(char const*)
 *fill*         0x40204816        0x2 
 .text._ZN5Print6printfEPKcz
                0x40204818       0xce .pioenvs\updater\libFrameworkArduino.a(Print.cpp.o)
                                 0xda (size before relaxing)
                0x4020481c                Print::printf(char const*, ...)
 *fill*         0x402048e6        0x2 
 .text._ZN5Print7printlnEv
                0x402048e8       0x19 .pioenvs\updater\libFrameworkArduino.a(Print.cpp.o)
                                 0x1d (size before relaxing)
                0x402048ec                Print::println()
 *fill*         0x40204901        0x3 
 .text._ZN5Print7printlnEPKc
                0x40204904       0x25 .pioenvs\updater\libFrameworkArduino.a(Print.cpp.o)
                                 0x31 (size before relaxing)
                0x40204904                Print::println(char const*)
 *fill*         0x40204929        0x3 
 .text._ZN5Print11printNumberEmh
                0x4020492c       0x7d .pioenvs\updater\libFrameworkArduino.a(Print.cpp.o)
                                 0x84 (size before relaxing)
                0x40204930                Print::printNumber(unsigned long, unsigned char)
 *fill*         0x402049a9        0x3 
 .text._ZN5Print5printEmi
                0x402049ac       0x21 .pioenvs\updater\libFrameworkArduino.a(Print.cpp.o)
                                 0x28 (size before relaxing)
                0x402049ac                Print::print(unsigned long, int)
 *fill*         0x402049cd        0x3 
 .text._ZN5Print5printEhi
                0x402049d0       0x15 .pioenvs\updater\libFrameworkArduino.a(Print.cpp.o)
                                 0x19 (size before relaxing)
                0x402049d0                Print::print(unsigned char, int)
 *fill*         0x402049e5        0x3 
 .text._ZN6Stream9timedReadEv
                0x402049e8       0x3d .pioenvs\updater\libFrameworkArduino.a(Stream.cpp.o)
                                 0x4d (size before relaxing)
                0x402049e8                Stream::timedRead()
 *fill*         0x40204a25        0x3 
 .text._ZN6Stream9readBytesEPcj
                0x40204a28       0x41 .pioenvs\updater\libFrameworkArduino.a(Stream.cpp.o)
                                 0x45 (size before relaxing)
                0x40204a28                Stream::readBytes(char*, unsigned int)
 *fill*         0x40204a69        0x3 
 .text._ZN6Stream15readStringUntilEc
                0x40204a6c       0x43 .pioenvs\updater\libFrameworkArduino.a(Stream.cpp.o)
                                 0x57 (size before relaxing)
                0x40204a70                Stream::readStringUntil(char)
 *fill*         0x40204aaf        0x1 
 .text._ZN12UpdaterClassC2Ev
                0x40204ab0       0x2f .pioenvs\updater\libFrameworkArduino.a(Updater.cpp.o)
                                 0x37 (size before relaxing)
                0x40204ab4                UpdaterClass::UpdaterClass()
                0x40204ab4                UpdaterClass::UpdaterClass()
 *fill*         0x40204adf        0x1 
 .text._ZN12UpdaterClass6_resetEv
                0x40204ae0       0x2b .pioenvs\updater\libFrameworkArduino.a(Updater.cpp.o)
                                 0x2f (size before relaxing)
                0x40204ae0                UpdaterClass::_reset()
 *fill*         0x40204b0b        0x1 
 .text._ZN12UpdaterClass5beginEji
                0x40204b0c       0xb7 .pioenvs\updater\libFrameworkArduino.a(Updater.cpp.o)
                                 0xf3 (size before relaxing)
                0x40204b0c                UpdaterClass::begin(unsigned int, int)
 *fill*         0x40204bc3        0x1 
 .text._ZN12UpdaterClass12_writeBufferEv
                0x40204bc4       0x89 .pioenvs\updater\libFrameworkArduino.a(Updater.cpp.o)
                                 0xad (size before relaxing)
                0x40204bc4                UpdaterClass::_writeBuffer()
 *fill*         0x40204c4d        0x3 
 .text._ZN12UpdaterClass5writeEPhj